###############################################################################
#
# IAR ELF Linker V9.10.2.313/W64 for ARM                  26/Sep/2021  12:25:10
# Copyright 2007-2021 IAR Systems AB.
#
#    Output file  =
#        E:\Repos\Sprints\SprintW9\ARM_Master_Class\systemtimer\Debug\Exe\systick.out
#    Map file     =
#        E:\Repos\Sprints\SprintW9\ARM_Master_Class\systemtimer\Debug\List\systick.map
#    Command line =
#        -f
#        E:\Repos\Sprints\SprintW9\ARM_Master_Class\systemtimer\Debug\Exe\systick.out.rsp
#        (E:\Repos\Sprints\SprintW9\ARM_Master_Class\systemtimer\Debug\Obj\main.o
#        --no_out_extension -o
#        E:\Repos\Sprints\SprintW9\ARM_Master_Class\systemtimer\Debug\Exe\systick.out
#        --redirect _Printf=_PrintfFullNoMb --redirect _Scanf=_ScanfFullNoMb
#        --map
#        E:\Repos\Sprints\SprintW9\ARM_Master_Class\systemtimer\Debug\List\systick.map
#        --config "E:\New folder\IAR Systems\Embedded Workbench
#        9.0\arm\config\linker\TexasInstruments\TM4C123GH6.icf" --semihosting
#        --entry __iar_program_start --vfe --text_out locale)
#
###############################################################################

*******************************************************************************
*** RUNTIME MODEL ATTRIBUTES
***

CppFlavor       = *
__SystemLibrary = DLib
__dlib_version  = 6


*******************************************************************************
*** HEAP SELECTION
***

The basic heap was selected because some modules are built with
size limitations (and not runtime checking), and --advanced_heap
was not specified.


*******************************************************************************
*** PLACEMENT SUMMARY
***

"A0":  place at address 0x0 { ro section .intvec };
"P1":  place in [from 0x0 to 0x3'ffff] { ro };
define block CSTACK with size = 4K, alignment = 8 { };
define block HEAP with size = 8K, alignment = 8 { };
"P2":  place in [from 0x2000'0000 to 0x2000'7fff] {
          rw, block CSTACK, block HEAP };

No sections matched the following patterns:

  rw  in "P2"


  Section   Kind         Address    Size  Object
  -------   ----         -------    ----  ------
"A0":                               0x40
  .intvec   ro code          0x0    0x40  vector_table_M.o [3]
                          - 0x40    0x40

"P1":                               0x68
  .text     ro code         0x40    0x1e  cmain.o [3]
  .text     ro code         0x5e     0x4  low_level_init.o [2]
  .text     ro code         0x62     0x4  main.o [1]
  .text     ro code         0x66     0x4  exit.o [2]
  .text     ro code         0x6a     0x2  vectortrap_M.o [3]
  .text     ro code         0x6c     0xa  cexit.o [3]
  .text     ro code         0x78    0x14  exit.o [4]
  .text     ro code         0x8c    0x1c  cstartup_M.o [3]
                          - 0xa8    0x68

"P2":                             0x1000
  CSTACK             0x2000'0000  0x1000  <Block>
    CSTACK  uninit   0x2000'0000  0x1000  <Block tail>
                   - 0x2000'1000  0x1000

Unused ranges:

         From           To      Size
         ----           --      ----
         0xa8     0x3'ffff  0x3'ff58
  0x2000'1000  0x2000'7fff    0x7000



*******************************************************************************
*** MODULE SUMMARY
***

    Module            ro code  rw data
    ------            -------  -------
command line/config:
    ----------------------------------
    Total:

E:\Repos\Sprints\SprintW9\ARM_Master_Class\systemtimer\Debug\Obj: [1]
    main.o                  4
    ----------------------------------
    Total:                  4

dl7M_tln.a: [2]
    exit.o                  4
    low_level_init.o        4
    ----------------------------------
    Total:                  8

rt7M_tl.a: [3]
    cexit.o                10
    cmain.o                30
    cstartup_M.o           28
    vector_table_M.o       64
    vectortrap_M.o          2
    ----------------------------------
    Total:                134

shb_l.a: [4]
    exit.o                 20
    ----------------------------------
    Total:                 20

    Gaps                    2
    Linker created               4'096
--------------------------------------
    Grand Total:          168    4'096


*******************************************************************************
*** ENTRY LIST
***

Entry                     Address  Size  Type      Object
-----                     -------  ----  ----      ------
?main                        0x41        Code  Gb  cmain.o [3]
BusFault_Handler             0x6b        Code  Wk  vectortrap_M.o [3]
CSTACK$$Base          0x2000'0000         --   Gb  - Linker created -
CSTACK$$Limit         0x2000'1000         --   Gb  - Linker created -
DebugMon_Handler             0x6b        Code  Wk  vectortrap_M.o [3]
HardFault_Handler            0x6b        Code  Wk  vectortrap_M.o [3]
MemManage_Handler            0x6b        Code  Wk  vectortrap_M.o [3]
NMI_Handler                  0x6b        Code  Wk  vectortrap_M.o [3]
PendSV_Handler               0x6b        Code  Wk  vectortrap_M.o [3]
Region$$Table$$Base           0x0         --   Gb  - Linker created -
Region$$Table$$Limit          0x0         --   Gb  - Linker created -
SVC_Handler                  0x6b        Code  Wk  vectortrap_M.o [3]
SysTick_Handler              0x6b        Code  Wk  vectortrap_M.o [3]
UsageFault_Handler           0x6b        Code  Wk  vectortrap_M.o [3]
__cmain                      0x41        Code  Gb  cmain.o [3]
__exit                       0x79  0x14  Code  Gb  exit.o [4]
__iar_program_start          0x8d        Code  Gb  cstartup_M.o [3]
__low_level_init             0x5f   0x4  Code  Gb  low_level_init.o [2]
__vector_table                0x0        Data  Gb  vector_table_M.o [3]
_call_main                   0x4d        Code  Gb  cmain.o [3]
_exit                        0x6d        Code  Gb  cexit.o [3]
exit                         0x67   0x4  Code  Gb  exit.o [2]
main                         0x63   0x4  Code  Gb  main.o [1]


[1] = E:\Repos\Sprints\SprintW9\ARM_Master_Class\systemtimer\Debug\Obj
[2] = dl7M_tln.a
[3] = rt7M_tl.a
[4] = shb_l.a

    168 bytes of readonly  code memory
  4'096 bytes of readwrite data memory

Errors: none
Warnings: none
