Archive member included because of file (symbol)

e:/courses and certificates/imt/tools/sdk/imt_sdk_win_64/winavr/bin/../lib/gcc/avr/4.3.3/avr5\libgcc.a(_mulsi3.o)
                              ./MCAL/TIM/TIMER_DRIVER.o (__mulsi3)
e:/courses and certificates/imt/tools/sdk/imt_sdk_win_64/winavr/bin/../lib/gcc/avr/4.3.3/avr5\libgcc.a(_udivmodhi4.o)
                              ./HAL/LCD/LCD.o (__udivmodhi4)
e:/courses and certificates/imt/tools/sdk/imt_sdk_win_64/winavr/bin/../lib/gcc/avr/4.3.3/avr5\libgcc.a(_udivmodsi4.o)
                              ./INFRASTRUCTURE/LIB/STRING.o (__udivmodsi4)
e:/courses and certificates/imt/tools/sdk/imt_sdk_win_64/winavr/bin/../lib/gcc/avr/4.3.3/avr5\libgcc.a(_exit.o)
                              e:/courses and certificates/imt/tools/sdk/imt_sdk_win_64/winavr/bin/../lib/gcc/avr/4.3.3/../../../../avr/lib/avr5/crtm32.o (exit)
e:/courses and certificates/imt/tools/sdk/imt_sdk_win_64/winavr/bin/../lib/gcc/avr/4.3.3/avr5\libgcc.a(_copy_data.o)
                              ./HAL/KEYPAD/KEYPAD.o (__do_copy_data)
e:/courses and certificates/imt/tools/sdk/imt_sdk_win_64/winavr/bin/../lib/gcc/avr/4.3.3/avr5\libgcc.a(_clear_bss.o)
                              ./MCAL/UART/UART.o (__do_clear_bss)
e:/courses and certificates/imt/tools/sdk/imt_sdk_win_64/winavr/bin/../lib/gcc/avr/4.3.3/avr5\libgcc.a(_fixunssfsi.o)
                              ./APP/APP.o (__fixunssfsi)
e:/courses and certificates/imt/tools/sdk/imt_sdk_win_64/winavr/bin/../lib/gcc/avr/4.3.3/avr5\libgcc.a(_addsub_sf.o)
                              e:/courses and certificates/imt/tools/sdk/imt_sdk_win_64/winavr/bin/../lib/gcc/avr/4.3.3/avr5\libgcc.a(_fixunssfsi.o) (__subsf3)
e:/courses and certificates/imt/tools/sdk/imt_sdk_win_64/winavr/bin/../lib/gcc/avr/4.3.3/avr5\libgcc.a(_mul_sf.o)
                              ./APP/APP.o (__mulsf3)
e:/courses and certificates/imt/tools/sdk/imt_sdk_win_64/winavr/bin/../lib/gcc/avr/4.3.3/avr5\libgcc.a(_div_sf.o)
                              ./APP/APP.o (__divsf3)
e:/courses and certificates/imt/tools/sdk/imt_sdk_win_64/winavr/bin/../lib/gcc/avr/4.3.3/avr5\libgcc.a(_ge_sf.o)
                              e:/courses and certificates/imt/tools/sdk/imt_sdk_win_64/winavr/bin/../lib/gcc/avr/4.3.3/avr5\libgcc.a(_fixunssfsi.o) (__gesf2)
e:/courses and certificates/imt/tools/sdk/imt_sdk_win_64/winavr/bin/../lib/gcc/avr/4.3.3/avr5\libgcc.a(_sf_to_si.o)
                              e:/courses and certificates/imt/tools/sdk/imt_sdk_win_64/winavr/bin/../lib/gcc/avr/4.3.3/avr5\libgcc.a(_fixunssfsi.o) (__fixsfsi)
e:/courses and certificates/imt/tools/sdk/imt_sdk_win_64/winavr/bin/../lib/gcc/avr/4.3.3/avr5\libgcc.a(_thenan_sf.o)
                              e:/courses and certificates/imt/tools/sdk/imt_sdk_win_64/winavr/bin/../lib/gcc/avr/4.3.3/avr5\libgcc.a(_addsub_sf.o) (__thenan_sf)
e:/courses and certificates/imt/tools/sdk/imt_sdk_win_64/winavr/bin/../lib/gcc/avr/4.3.3/avr5\libgcc.a(_usi_to_sf.o)
                              ./APP/APP.o (__floatunsisf)
e:/courses and certificates/imt/tools/sdk/imt_sdk_win_64/winavr/bin/../lib/gcc/avr/4.3.3/avr5\libgcc.a(_prologue.o)
                              e:/courses and certificates/imt/tools/sdk/imt_sdk_win_64/winavr/bin/../lib/gcc/avr/4.3.3/avr5\libgcc.a(_addsub_sf.o) (__prologue_saves__)
e:/courses and certificates/imt/tools/sdk/imt_sdk_win_64/winavr/bin/../lib/gcc/avr/4.3.3/avr5\libgcc.a(_epilogue.o)
                              e:/courses and certificates/imt/tools/sdk/imt_sdk_win_64/winavr/bin/../lib/gcc/avr/4.3.3/avr5\libgcc.a(_addsub_sf.o) (__epilogue_restores__)
e:/courses and certificates/imt/tools/sdk/imt_sdk_win_64/winavr/bin/../lib/gcc/avr/4.3.3/avr5\libgcc.a(_clzsi2.o)
                              e:/courses and certificates/imt/tools/sdk/imt_sdk_win_64/winavr/bin/../lib/gcc/avr/4.3.3/avr5\libgcc.a(_usi_to_sf.o) (__clzsi2)
e:/courses and certificates/imt/tools/sdk/imt_sdk_win_64/winavr/bin/../lib/gcc/avr/4.3.3/avr5\libgcc.a(_pack_sf.o)
                              e:/courses and certificates/imt/tools/sdk/imt_sdk_win_64/winavr/bin/../lib/gcc/avr/4.3.3/avr5\libgcc.a(_addsub_sf.o) (__pack_f)
e:/courses and certificates/imt/tools/sdk/imt_sdk_win_64/winavr/bin/../lib/gcc/avr/4.3.3/avr5\libgcc.a(_unpack_sf.o)
                              e:/courses and certificates/imt/tools/sdk/imt_sdk_win_64/winavr/bin/../lib/gcc/avr/4.3.3/avr5\libgcc.a(_addsub_sf.o) (__unpack_f)
e:/courses and certificates/imt/tools/sdk/imt_sdk_win_64/winavr/bin/../lib/gcc/avr/4.3.3/avr5\libgcc.a(_fpcmp_parts_sf.o)
                              e:/courses and certificates/imt/tools/sdk/imt_sdk_win_64/winavr/bin/../lib/gcc/avr/4.3.3/avr5\libgcc.a(_ge_sf.o) (__fpcmp_parts_f)
e:/courses and certificates/imt/tools/sdk/imt_sdk_win_64/winavr/bin/../lib/gcc/avr/4.3.3/avr5\libgcc.a(_clz.o)
                              e:/courses and certificates/imt/tools/sdk/imt_sdk_win_64/winavr/bin/../lib/gcc/avr/4.3.3/avr5\libgcc.a(_clzsi2.o) (__clz_tab)

Memory Configuration

Name             Origin             Length             Attributes
text             0x00000000         0x00020000         xr
data             0x00800060         0x0000ffa0         rw !x
eeprom           0x00810000         0x00010000         rw !x
fuse             0x00820000         0x00000400         rw !x
lock             0x00830000         0x00000400         rw !x
signature        0x00840000         0x00000400         rw !x
*default*        0x00000000         0xffffffff

Linker script and memory map

LOAD e:/courses and certificates/imt/tools/sdk/imt_sdk_win_64/winavr/bin/../lib/gcc/avr/4.3.3/../../../../avr/lib/avr5/crtm32.o
LOAD ./MCAL/UART/UART.o
LOAD ./MCAL/TIM/TIMER_DRIVER.o
LOAD ./MCAL/DIO/DIO_DRIVER.o
LOAD ./MCAL/ADC/ADC.o
LOAD ./INFRASTRUCTURE/LIB/STRING.o
LOAD ./HAL/PushButton/PushButton.o
LOAD ./HAL/LCD/LCD.o
LOAD ./HAL/KEYPAD/KEYPAD.o
LOAD ./APP/APP.o
LOAD ./main.o
LOAD e:/courses and certificates/imt/tools/sdk/imt_sdk_win_64/winavr/bin/../lib/gcc/avr/4.3.3/avr5\libgcc.a
LOAD e:/courses and certificates/imt/tools/sdk/imt_sdk_win_64/winavr/bin/../lib/gcc/avr/4.3.3/../../../../avr/lib/avr5\libc.a
LOAD e:/courses and certificates/imt/tools/sdk/imt_sdk_win_64/winavr/bin/../lib/gcc/avr/4.3.3/avr5\libgcc.a

.hash
 *(.hash)

.dynsym
 *(.dynsym)

.dynstr
 *(.dynstr)

.gnu.version
 *(.gnu.version)

.gnu.version_d
 *(.gnu.version_d)

.gnu.version_r
 *(.gnu.version_r)

.rel.init
 *(.rel.init)

.rela.init
 *(.rela.init)

.rel.text
 *(.rel.text)
 *(.rel.text.*)
 *(.rel.gnu.linkonce.t*)

.rela.text
 *(.rela.text)
 *(.rela.text.*)
 *(.rela.gnu.linkonce.t*)

.rel.fini
 *(.rel.fini)

.rela.fini
 *(.rela.fini)

.rel.rodata
 *(.rel.rodata)
 *(.rel.rodata.*)
 *(.rel.gnu.linkonce.r*)

.rela.rodata
 *(.rela.rodata)
 *(.rela.rodata.*)
 *(.rela.gnu.linkonce.r*)

.rel.data
 *(.rel.data)
 *(.rel.data.*)
 *(.rel.gnu.linkonce.d*)

.rela.data
 *(.rela.data)
 *(.rela.data.*)
 *(.rela.gnu.linkonce.d*)

.rel.ctors
 *(.rel.ctors)

.rela.ctors
 *(.rela.ctors)

.rel.dtors
 *(.rel.dtors)

.rela.dtors
 *(.rela.dtors)

.rel.got
 *(.rel.got)

.rela.got
 *(.rela.got)

.rel.bss
 *(.rel.bss)

.rela.bss
 *(.rela.bss)

.rel.plt
 *(.rel.plt)

.rela.plt
 *(.rela.plt)

.text           0x00000000     0x4766
 *(.vectors)
 .vectors       0x00000000       0x54 e:/courses and certificates/imt/tools/sdk/imt_sdk_win_64/winavr/bin/../lib/gcc/avr/4.3.3/../../../../avr/lib/avr5/crtm32.o
                0x00000000                __vectors
                0x00000000                __vector_default
 *(.vectors)
 *(.progmem.gcc*)
 *(.progmem*)
                0x00000054                . = ALIGN (0x2)
                0x00000054                __trampolines_start = .
 *(.trampolines)
 .trampolines   0x00000054        0x0 linker stubs
 *(.trampolines*)
                0x00000054                __trampolines_end = .
 *(.jumptables)
 *(.jumptables*)
 *(.lowtext)
 *(.lowtext*)
                0x00000054                __ctors_start = .
 *(.ctors)
                0x00000054                __ctors_end = .
                0x00000054                __dtors_start = .
 *(.dtors)
                0x00000054                __dtors_end = .
 SORT(*)(.ctors)
 SORT(*)(.dtors)
 *(.init0)
 .init0         0x00000054        0x0 e:/courses and certificates/imt/tools/sdk/imt_sdk_win_64/winavr/bin/../lib/gcc/avr/4.3.3/../../../../avr/lib/avr5/crtm32.o
                0x00000054                __init
 *(.init0)
 *(.init1)
 *(.init1)
 *(.init2)
 .init2         0x00000054        0xc e:/courses and certificates/imt/tools/sdk/imt_sdk_win_64/winavr/bin/../lib/gcc/avr/4.3.3/../../../../avr/lib/avr5/crtm32.o
 *(.init2)
 *(.init3)
 *(.init3)
 *(.init4)
 .init4         0x00000060       0x16 e:/courses and certificates/imt/tools/sdk/imt_sdk_win_64/winavr/bin/../lib/gcc/avr/4.3.3/avr5\libgcc.a(_copy_data.o)
                0x00000060                __do_copy_data
 .init4         0x00000076       0x10 e:/courses and certificates/imt/tools/sdk/imt_sdk_win_64/winavr/bin/../lib/gcc/avr/4.3.3/avr5\libgcc.a(_clear_bss.o)
                0x00000076                __do_clear_bss
 *(.init4)
 *(.init5)
 *(.init5)
 *(.init6)
 *(.init6)
 *(.init7)
 *(.init7)
 *(.init8)
 *(.init8)
 *(.init9)
 .init9         0x00000086        0x8 e:/courses and certificates/imt/tools/sdk/imt_sdk_win_64/winavr/bin/../lib/gcc/avr/4.3.3/../../../../avr/lib/avr5/crtm32.o
 *(.init9)
 *(.text)
 .text          0x0000008e        0x4 e:/courses and certificates/imt/tools/sdk/imt_sdk_win_64/winavr/bin/../lib/gcc/avr/4.3.3/../../../../avr/lib/avr5/crtm32.o
                0x0000008e                __vector_1
                0x0000008e                __vector_12
                0x0000008e                __bad_interrupt
                0x0000008e                __vector_6
                0x0000008e                __vector_3
                0x0000008e                __vector_17
                0x0000008e                __vector_19
                0x0000008e                __vector_7
                0x0000008e                __vector_9
                0x0000008e                __vector_2
                0x0000008e                __vector_8
                0x0000008e                __vector_18
                0x0000008e                __vector_20
 .text          0x00000092        0x0 ./MCAL/UART/UART.o
 .text          0x00000092        0x0 ./MCAL/TIM/TIMER_DRIVER.o
 .text          0x00000092        0x0 ./MCAL/DIO/DIO_DRIVER.o
 .text          0x00000092        0x0 ./MCAL/ADC/ADC.o
 .text          0x00000092        0x0 ./INFRASTRUCTURE/LIB/STRING.o
 .text          0x00000092        0x0 ./HAL/PushButton/PushButton.o
 .text          0x00000092        0x0 ./HAL/LCD/LCD.o
 .text          0x00000092        0x0 ./HAL/KEYPAD/KEYPAD.o
 .text          0x00000092        0x0 ./APP/APP.o
 .text          0x00000092        0x0 ./main.o
 .text          0x00000092        0x0 e:/courses and certificates/imt/tools/sdk/imt_sdk_win_64/winavr/bin/../lib/gcc/avr/4.3.3/avr5\libgcc.a(_mulsi3.o)
 .text          0x00000092        0x0 e:/courses and certificates/imt/tools/sdk/imt_sdk_win_64/winavr/bin/../lib/gcc/avr/4.3.3/avr5\libgcc.a(_udivmodhi4.o)
 .text          0x00000092        0x0 e:/courses and certificates/imt/tools/sdk/imt_sdk_win_64/winavr/bin/../lib/gcc/avr/4.3.3/avr5\libgcc.a(_udivmodsi4.o)
 .text          0x00000092        0x0 e:/courses and certificates/imt/tools/sdk/imt_sdk_win_64/winavr/bin/../lib/gcc/avr/4.3.3/avr5\libgcc.a(_exit.o)
 .text          0x00000092        0x0 e:/courses and certificates/imt/tools/sdk/imt_sdk_win_64/winavr/bin/../lib/gcc/avr/4.3.3/avr5\libgcc.a(_copy_data.o)
 .text          0x00000092        0x0 e:/courses and certificates/imt/tools/sdk/imt_sdk_win_64/winavr/bin/../lib/gcc/avr/4.3.3/avr5\libgcc.a(_clear_bss.o)
 .text          0x00000092       0x58 e:/courses and certificates/imt/tools/sdk/imt_sdk_win_64/winavr/bin/../lib/gcc/avr/4.3.3/avr5\libgcc.a(_fixunssfsi.o)
                0x00000092                __fixunssfsi
 .text          0x000000ea      0x354 e:/courses and certificates/imt/tools/sdk/imt_sdk_win_64/winavr/bin/../lib/gcc/avr/4.3.3/avr5\libgcc.a(_addsub_sf.o)
                0x00000382                __subsf3
                0x000003e4                __addsf3
 .text          0x0000043e      0x1f4 e:/courses and certificates/imt/tools/sdk/imt_sdk_win_64/winavr/bin/../lib/gcc/avr/4.3.3/avr5\libgcc.a(_mul_sf.o)
                0x0000043e                __mulsf3
 .text          0x00000632      0x158 e:/courses and certificates/imt/tools/sdk/imt_sdk_win_64/winavr/bin/../lib/gcc/avr/4.3.3/avr5\libgcc.a(_div_sf.o)
                0x00000632                __divsf3
 .text          0x0000078a       0x60 e:/courses and certificates/imt/tools/sdk/imt_sdk_win_64/winavr/bin/../lib/gcc/avr/4.3.3/avr5\libgcc.a(_ge_sf.o)
                0x0000078a                __gesf2
 .text          0x000007ea       0xa8 e:/courses and certificates/imt/tools/sdk/imt_sdk_win_64/winavr/bin/../lib/gcc/avr/4.3.3/avr5\libgcc.a(_sf_to_si.o)
                0x000007ea                __fixsfsi
 .text          0x00000892        0x0 e:/courses and certificates/imt/tools/sdk/imt_sdk_win_64/winavr/bin/../lib/gcc/avr/4.3.3/avr5\libgcc.a(_thenan_sf.o)
 .text          0x00000892       0xf2 e:/courses and certificates/imt/tools/sdk/imt_sdk_win_64/winavr/bin/../lib/gcc/avr/4.3.3/avr5\libgcc.a(_usi_to_sf.o)
                0x00000892                __floatunsisf
 .text          0x00000984        0x0 e:/courses and certificates/imt/tools/sdk/imt_sdk_win_64/winavr/bin/../lib/gcc/avr/4.3.3/avr5\libgcc.a(_prologue.o)
 .text          0x00000984        0x0 e:/courses and certificates/imt/tools/sdk/imt_sdk_win_64/winavr/bin/../lib/gcc/avr/4.3.3/avr5\libgcc.a(_epilogue.o)
 .text          0x00000984       0x9e e:/courses and certificates/imt/tools/sdk/imt_sdk_win_64/winavr/bin/../lib/gcc/avr/4.3.3/avr5\libgcc.a(_clzsi2.o)
                0x00000984                __clzsi2
 .text          0x00000a22      0x1aa e:/courses and certificates/imt/tools/sdk/imt_sdk_win_64/winavr/bin/../lib/gcc/avr/4.3.3/avr5\libgcc.a(_pack_sf.o)
                0x00000a22                __pack_f
 .text          0x00000bcc       0xf0 e:/courses and certificates/imt/tools/sdk/imt_sdk_win_64/winavr/bin/../lib/gcc/avr/4.3.3/avr5\libgcc.a(_unpack_sf.o)
                0x00000bcc                __unpack_f
 .text          0x00000cbc       0xb2 e:/courses and certificates/imt/tools/sdk/imt_sdk_win_64/winavr/bin/../lib/gcc/avr/4.3.3/avr5\libgcc.a(_fpcmp_parts_sf.o)
                0x00000cbc                __fpcmp_parts_f
 .text          0x00000d6e        0x0 e:/courses and certificates/imt/tools/sdk/imt_sdk_win_64/winavr/bin/../lib/gcc/avr/4.3.3/avr5\libgcc.a(_clz.o)
                0x00000d6e                . = ALIGN (0x2)
 *(.text.*)
 .text.UART_Init
                0x00000d6e       0xf6 ./MCAL/UART/UART.o
                0x00000d6e                UART_Init
 .text.UART_FlushReceiveBuffer
                0x00000e64       0x24 ./MCAL/UART/UART.o
                0x00000e64                UART_FlushReceiveBuffer
 .text.UART_SetCallback
                0x00000e88       0x88 ./MCAL/UART/UART.o
                0x00000e88                UART_SetCallback
 .text.UART_TransmitChar
                0x00000f10       0x58 ./MCAL/UART/UART.o
                0x00000f10                UART_TransmitChar
 .text.UART_ReceiveChar
                0x00000f68       0x52 ./MCAL/UART/UART.o
                0x00000f68                UART_ReceiveChar
 .text.UART_TransmitString
                0x00000fba       0x68 ./MCAL/UART/UART.o
                0x00000fba                UART_TransmitString
 .text.UART_ReceiveString
                0x00001022       0x6a ./MCAL/UART/UART.o
                0x00001022                UART_ReceiveString
 .text.UART_EnableInterrupt
                0x0000108c       0xa2 ./MCAL/UART/UART.o
                0x0000108c                UART_EnableInterrupt
 .text.UART_DisableInterrupt
                0x0000112e       0x94 ./MCAL/UART/UART.o
                0x0000112e                UART_DisableInterrupt
 .text.UART_Set_RX_CompleteCallback
                0x000011c2       0x38 ./MCAL/UART/UART.o
 .text.UART_UDRE_Empty_CompleteCallback
                0x000011fa       0x38 ./MCAL/UART/UART.o
 .text.UART_Set_TX_CompleteCallback
                0x00001232       0x38 ./MCAL/UART/UART.o
 .text.__vector_13
                0x0000126a       0x66 ./MCAL/UART/UART.o
                0x0000126a                __vector_13
 .text.__vector_14
                0x000012d0       0x66 ./MCAL/UART/UART.o
                0x000012d0                __vector_14
 .text.__vector_15
                0x00001336       0x66 ./MCAL/UART/UART.o
                0x00001336                __vector_15
 .text.TIM_Init
                0x0000139c       0x9a ./MCAL/TIM/TIMER_DRIVER.o
                0x0000139c                TIM_Init
 .text.TIM_SetTimerPreLoadVal
                0x00001436       0x68 ./MCAL/TIM/TIMER_DRIVER.o
                0x00001436                TIM_SetTimerPreLoadVal
 .text.TIM_SetTimerOCVal
                0x0000149e       0x68 ./MCAL/TIM/TIMER_DRIVER.o
                0x0000149e                TIM_SetTimerOCVal
 .text.TIM_SetTimerOVFAction
                0x00001506       0x8a ./MCAL/TIM/TIMER_DRIVER.o
                0x00001506                TIM_SetTimerOVFAction
 .text.TIM_SetTimerOCAction
                0x00001590       0x8a ./MCAL/TIM/TIMER_DRIVER.o
                0x00001590                TIM_SetTimerOCAction
 .text.TIM_MODE_SLCT
                0x0000161a      0x16e ./MCAL/TIM/TIMER_DRIVER.o
                0x0000161a                TIM_MODE_SLCT
 .text.TIM_CLK_SLCT
                0x00001788      0x25a ./MCAL/TIM/TIMER_DRIVER.o
                0x00001788                TIM_CLK_SLCT
 .text.TIM_OC_MODE_SLCT
                0x000019e2      0x19c ./MCAL/TIM/TIMER_DRIVER.o
                0x000019e2                TIM_OC_MODE_SLCT
 .text.TIM_Interrupt_Enable
                0x00001b7e       0xf0 ./MCAL/TIM/TIMER_DRIVER.o
                0x00001b7e                TIM_Interrupt_Enable
 .text.TIM_Interrupt_Disable
                0x00001c6e       0xe2 ./MCAL/TIM/TIMER_DRIVER.o
                0x00001c6e                TIM_Interrupt_Disable
 .text.TIM_Flag_Get
                0x00001d50       0xf8 ./MCAL/TIM/TIMER_DRIVER.o
                0x00001d50                TIM_Flag_Get
 .text.TIM_Flag_Reset
                0x00001e48       0xf2 ./MCAL/TIM/TIMER_DRIVER.o
                0x00001e48                TIM_Flag_Reset
 .text.TIM_Init_OC_PIN
                0x00001f3a       0x84 ./MCAL/TIM/TIMER_DRIVER.o
                0x00001f3a                TIM_Init_OC_PIN
 .text.__vector_11
                0x00001fbe       0x66 ./MCAL/TIM/TIMER_DRIVER.o
                0x00001fbe                __vector_11
 .text.__vector_10
                0x00002024       0x66 ./MCAL/TIM/TIMER_DRIVER.o
                0x00002024                __vector_10
 .text.__vector_5
                0x0000208a       0x66 ./MCAL/TIM/TIMER_DRIVER.o
                0x0000208a                __vector_5
 .text.__vector_4
                0x000020f0       0x66 ./MCAL/TIM/TIMER_DRIVER.o
                0x000020f0                __vector_4
 .text.TIM_Delay_US
                0x00002156      0x1a0 ./MCAL/TIM/TIMER_DRIVER.o
                0x00002156                TIM_Delay_US
 .text.TIM_Delay_MS
                0x000022f6      0x264 ./MCAL/TIM/TIMER_DRIVER.o
                0x000022f6                TIM_Delay_MS
 .text.DIO_PortInit
                0x0000255a       0xac ./MCAL/DIO/DIO_DRIVER.o
                0x0000255a                DIO_PortInit
 .text.DIO_SetPortVal
                0x00002606       0xe0 ./MCAL/DIO/DIO_DRIVER.o
                0x00002606                DIO_SetPortVal
 .text.DIO_ClrPortVal
                0x000026e6       0xe0 ./MCAL/DIO/DIO_DRIVER.o
                0x000026e6                DIO_ClrPortVal
 .text.DIO_GetPortVal
                0x000027c6       0x9a ./MCAL/DIO/DIO_DRIVER.o
                0x000027c6                DIO_GetPortVal
 .text.DIO_TogPortVal
                0x00002860      0x100 ./MCAL/DIO/DIO_DRIVER.o
                0x00002860                DIO_TogPortVal
 .text.DIO_SetPinDirection
                0x00002960      0x230 ./MCAL/DIO/DIO_DRIVER.o
                0x00002960                DIO_SetPinDirection
 .text.DIO_WritePin
                0x00002b90      0x45a ./MCAL/DIO/DIO_DRIVER.o
                0x00002b90                DIO_WritePin
 .text.DIO_TogglePin
                0x00002fea      0x236 ./MCAL/DIO/DIO_DRIVER.o
                0x00002fea                DIO_TogglePin
 .text.DIO_ReadPin
                0x00003220      0x190 ./MCAL/DIO/DIO_DRIVER.o
                0x00003220                DIO_ReadPin
 .text.DIO_EnablePinPullup
                0x000033b0      0x164 ./MCAL/DIO/DIO_DRIVER.o
                0x000033b0                DIO_EnablePinPullup
 .text.ADC_Init
                0x00003514       0x52 ./MCAL/ADC/ADC.o
                0x00003514                ADC_Init
 .text.ADC_StartConversion
                0x00003566       0x4c ./MCAL/ADC/ADC.o
                0x00003566                ADC_StartConversion
 .text.ADC_GetConversionResult
                0x000035b2       0x8a ./MCAL/ADC/ADC.o
                0x000035b2                ADC_GetConversionResult
 .text.ADC_ChannelSelect
                0x0000363c       0x28 ./MCAL/ADC/ADC.o
                0x0000363c                ADC_ChannelSelect
 .text.ADC_SetVref
                0x00003664       0x2a ./MCAL/ADC/ADC.o
                0x00003664                ADC_SetVref
 .text.ADC_SetPrescalar
                0x0000368e       0x2a ./MCAL/ADC/ADC.o
                0x0000368e                ADC_SetPrescalar
 .text.ADC_SetTrigerringSource
                0x000036b8       0x1c ./MCAL/ADC/ADC.o
                0x000036b8                ADC_SetTrigerringSource
 .text.ADC_EnableInterrupt
                0x000036d4       0x34 ./MCAL/ADC/ADC.o
                0x000036d4                ADC_EnableInterrupt
 .text.ADC_DisableInterrupt
                0x00003708       0x26 ./MCAL/ADC/ADC.o
                0x00003708                ADC_DisableInterrupt
 .text.ADC_SetCallback
                0x0000372e       0x3a ./MCAL/ADC/ADC.o
                0x0000372e                ADC_SetCallback
 .text.__vector_16
                0x00003768       0x66 ./MCAL/ADC/ADC.o
                0x00003768                __vector_16
 .text.STR_Length
                0x000037ce       0x54 ./INFRASTRUCTURE/LIB/STRING.o
                0x000037ce                STR_Length
 .text.STR_CharIsNumeric
                0x00003822       0x3c ./INFRASTRUCTURE/LIB/STRING.o
                0x00003822                STR_CharIsNumeric
 .text.STR_StringIsNumeric
                0x0000385e       0x68 ./INFRASTRUCTURE/LIB/STRING.o
                0x0000385e                STR_StringIsNumeric
 .text.STR_CompareString
                0x000038c6       0x94 ./INFRASTRUCTURE/LIB/STRING.o
                0x000038c6                STR_CompareString
 .text.STR_String2Number
                0x0000395a       0xe6 ./INFRASTRUCTURE/LIB/STRING.o
                0x0000395a                STR_String2Number
 .text.STR_Number2String
                0x00003a40       0xb2 ./INFRASTRUCTURE/LIB/STRING.o
                0x00003a40                STR_Number2String
 .text.STR_StringReverse
                0x00003af2       0x9e ./INFRASTRUCTURE/LIB/STRING.o
                0x00003af2                STR_StringReverse
 .text.PSHBTTN_Init
                0x00003b90       0x3c ./HAL/PushButton/PushButton.o
                0x00003b90                PSHBTTN_Init
 .text.PSHBTTN_EnablePullUp
                0x00003bcc       0x28 ./HAL/PushButton/PushButton.o
                0x00003bcc                PSHBTTN_EnablePullUp
 .text.PSHBTTN_Status
                0x00003bf4       0x92 ./HAL/PushButton/PushButton.o
                0x00003bf4                PSHBTTN_Status
 .text.LCD_SendCommand
                0x00003c86      0x158 ./HAL/LCD/LCD.o
                0x00003c86                LCD_SendCommand
 .text.LCD_SendCharacter
                0x00003dde      0x158 ./HAL/LCD/LCD.o
                0x00003dde                LCD_SendCharacter
 .text.LCD_Init
                0x00003f36       0xc4 ./HAL/LCD/LCD.o
                0x00003f36                LCD_Init
 .text.LCD_SendString
                0x00003ffa       0x38 ./HAL/LCD/LCD.o
                0x00003ffa                LCD_SendString
 .text.LCD_SendNumber
                0x00004032       0x52 ./HAL/LCD/LCD.o
                0x00004032                LCD_SendNumber
 .text.LCD_NumberToString
                0x00004084       0x8a ./HAL/LCD/LCD.o
                0x00004084                LCD_NumberToString
 .text.LCD_StringReverse
                0x0000410e       0x9c ./HAL/LCD/LCD.o
                0x0000410e                LCD_StringReverse
 .text.LCD_ReadBusyFlag
                0x000041aa       0x98 ./HAL/LCD/LCD.o
                0x000041aa                LCD_ReadBusyFlag
 .text.KPAD_vidInit
                0x00004242       0xa6 ./HAL/KEYPAD/KEYPAD.o
                0x00004242                KPAD_vidInit
 .text.KPAD_GetKey
                0x000042e8      0x15a ./HAL/KEYPAD/KEYPAD.o
                0x000042e8                KPAD_GetKey
 .text.APP_Init
                0x00004442       0x30 ./APP/APP.o
                0x00004442                APP_Init
 .text.APP_Start
                0x00004472      0x1c6 ./APP/APP.o
                0x00004472                APP_Start
 .text.main     0x00004638       0x12 ./main.o
                0x00004638                main
 .text.libgcc   0x0000464a       0x3e e:/courses and certificates/imt/tools/sdk/imt_sdk_win_64/winavr/bin/../lib/gcc/avr/4.3.3/avr5\libgcc.a(_mulsi3.o)
                0x0000464a                __mulsi3
 .text.libgcc   0x00004688       0x28 e:/courses and certificates/imt/tools/sdk/imt_sdk_win_64/winavr/bin/../lib/gcc/avr/4.3.3/avr5\libgcc.a(_udivmodhi4.o)
                0x00004688                __udivmodhi4
 .text.libgcc   0x000046b0       0x44 e:/courses and certificates/imt/tools/sdk/imt_sdk_win_64/winavr/bin/../lib/gcc/avr/4.3.3/avr5\libgcc.a(_udivmodsi4.o)
                0x000046b0                __udivmodsi4
 .text.libgcc   0x000046f4        0x0 e:/courses and certificates/imt/tools/sdk/imt_sdk_win_64/winavr/bin/../lib/gcc/avr/4.3.3/avr5\libgcc.a(_exit.o)
 .text.libgcc   0x000046f4        0x0 e:/courses and certificates/imt/tools/sdk/imt_sdk_win_64/winavr/bin/../lib/gcc/avr/4.3.3/avr5\libgcc.a(_copy_data.o)
 .text.libgcc   0x000046f4        0x0 e:/courses and certificates/imt/tools/sdk/imt_sdk_win_64/winavr/bin/../lib/gcc/avr/4.3.3/avr5\libgcc.a(_clear_bss.o)
 .text.libgcc   0x000046f4       0x38 e:/courses and certificates/imt/tools/sdk/imt_sdk_win_64/winavr/bin/../lib/gcc/avr/4.3.3/avr5\libgcc.a(_prologue.o)
                0x000046f4                __prologue_saves__
 .text.libgcc   0x0000472c       0x36 e:/courses and certificates/imt/tools/sdk/imt_sdk_win_64/winavr/bin/../lib/gcc/avr/4.3.3/avr5\libgcc.a(_epilogue.o)
                0x0000472c                __epilogue_restores__
                0x00004762                . = ALIGN (0x2)
 *(.fini9)
 .fini9         0x00004762        0x0 e:/courses and certificates/imt/tools/sdk/imt_sdk_win_64/winavr/bin/../lib/gcc/avr/4.3.3/avr5\libgcc.a(_exit.o)
                0x00004762                exit
                0x00004762                _exit
 *(.fini9)
 *(.fini8)
 *(.fini8)
 *(.fini7)
 *(.fini7)
 *(.fini6)
 *(.fini6)
 *(.fini5)
 *(.fini5)
 *(.fini4)
 *(.fini4)
 *(.fini3)
 *(.fini3)
 *(.fini2)
 *(.fini2)
 *(.fini1)
 *(.fini1)
 *(.fini0)
 .fini0         0x00004762        0x4 e:/courses and certificates/imt/tools/sdk/imt_sdk_win_64/winavr/bin/../lib/gcc/avr/4.3.3/avr5\libgcc.a(_exit.o)
 *(.fini0)
                0x00004766                _etext = .

.data           0x00800060      0x132 load address 0x00004766
                0x00800060                PROVIDE (__data_start, .)
 *(.data)
 .data          0x00800060        0x0 e:/courses and certificates/imt/tools/sdk/imt_sdk_win_64/winavr/bin/../lib/gcc/avr/4.3.3/../../../../avr/lib/avr5/crtm32.o
 .data          0x00800060        0x0 ./MCAL/UART/UART.o
 .data          0x00800060        0x0 ./MCAL/TIM/TIMER_DRIVER.o
 .data          0x00800060        0x0 ./MCAL/DIO/DIO_DRIVER.o
 .data          0x00800060        0x0 ./MCAL/ADC/ADC.o
 .data          0x00800060        0x0 ./INFRASTRUCTURE/LIB/STRING.o
 .data          0x00800060        0x0 ./HAL/PushButton/PushButton.o
 .data          0x00800060        0x0 ./HAL/LCD/LCD.o
 .data          0x00800060        0x0 ./HAL/KEYPAD/KEYPAD.o
 .data          0x00800060       0x16 ./APP/APP.o
 .data          0x00800076        0x0 ./main.o
 .data          0x00800076        0x0 e:/courses and certificates/imt/tools/sdk/imt_sdk_win_64/winavr/bin/../lib/gcc/avr/4.3.3/avr5\libgcc.a(_mulsi3.o)
 .data          0x00800076        0x0 e:/courses and certificates/imt/tools/sdk/imt_sdk_win_64/winavr/bin/../lib/gcc/avr/4.3.3/avr5\libgcc.a(_udivmodhi4.o)
 .data          0x00800076        0x0 e:/courses and certificates/imt/tools/sdk/imt_sdk_win_64/winavr/bin/../lib/gcc/avr/4.3.3/avr5\libgcc.a(_udivmodsi4.o)
 .data          0x00800076        0x0 e:/courses and certificates/imt/tools/sdk/imt_sdk_win_64/winavr/bin/../lib/gcc/avr/4.3.3/avr5\libgcc.a(_exit.o)
 .data          0x00800076        0x0 e:/courses and certificates/imt/tools/sdk/imt_sdk_win_64/winavr/bin/../lib/gcc/avr/4.3.3/avr5\libgcc.a(_copy_data.o)
 .data          0x00800076        0x0 e:/courses and certificates/imt/tools/sdk/imt_sdk_win_64/winavr/bin/../lib/gcc/avr/4.3.3/avr5\libgcc.a(_clear_bss.o)
 .data          0x00800076        0x0 e:/courses and certificates/imt/tools/sdk/imt_sdk_win_64/winavr/bin/../lib/gcc/avr/4.3.3/avr5\libgcc.a(_fixunssfsi.o)
 .data          0x00800076        0x0 e:/courses and certificates/imt/tools/sdk/imt_sdk_win_64/winavr/bin/../lib/gcc/avr/4.3.3/avr5\libgcc.a(_addsub_sf.o)
 .data          0x00800076        0x0 e:/courses and certificates/imt/tools/sdk/imt_sdk_win_64/winavr/bin/../lib/gcc/avr/4.3.3/avr5\libgcc.a(_mul_sf.o)
 .data          0x00800076        0x0 e:/courses and certificates/imt/tools/sdk/imt_sdk_win_64/winavr/bin/../lib/gcc/avr/4.3.3/avr5\libgcc.a(_div_sf.o)
 .data          0x00800076        0x0 e:/courses and certificates/imt/tools/sdk/imt_sdk_win_64/winavr/bin/../lib/gcc/avr/4.3.3/avr5\libgcc.a(_ge_sf.o)
 .data          0x00800076        0x0 e:/courses and certificates/imt/tools/sdk/imt_sdk_win_64/winavr/bin/../lib/gcc/avr/4.3.3/avr5\libgcc.a(_sf_to_si.o)
 .data          0x00800076        0x8 e:/courses and certificates/imt/tools/sdk/imt_sdk_win_64/winavr/bin/../lib/gcc/avr/4.3.3/avr5\libgcc.a(_thenan_sf.o)
                0x00800076                __thenan_sf
 .data          0x0080007e        0x0 e:/courses and certificates/imt/tools/sdk/imt_sdk_win_64/winavr/bin/../lib/gcc/avr/4.3.3/avr5\libgcc.a(_usi_to_sf.o)
 .data          0x0080007e        0x0 e:/courses and certificates/imt/tools/sdk/imt_sdk_win_64/winavr/bin/../lib/gcc/avr/4.3.3/avr5\libgcc.a(_prologue.o)
 .data          0x0080007e        0x0 e:/courses and certificates/imt/tools/sdk/imt_sdk_win_64/winavr/bin/../lib/gcc/avr/4.3.3/avr5\libgcc.a(_epilogue.o)
 .data          0x0080007e        0x0 e:/courses and certificates/imt/tools/sdk/imt_sdk_win_64/winavr/bin/../lib/gcc/avr/4.3.3/avr5\libgcc.a(_clzsi2.o)
 .data          0x0080007e        0x0 e:/courses and certificates/imt/tools/sdk/imt_sdk_win_64/winavr/bin/../lib/gcc/avr/4.3.3/avr5\libgcc.a(_pack_sf.o)
 .data          0x0080007e        0x0 e:/courses and certificates/imt/tools/sdk/imt_sdk_win_64/winavr/bin/../lib/gcc/avr/4.3.3/avr5\libgcc.a(_unpack_sf.o)
 .data          0x0080007e        0x0 e:/courses and certificates/imt/tools/sdk/imt_sdk_win_64/winavr/bin/../lib/gcc/avr/4.3.3/avr5\libgcc.a(_fpcmp_parts_sf.o)
 .data          0x0080007e      0x100 e:/courses and certificates/imt/tools/sdk/imt_sdk_win_64/winavr/bin/../lib/gcc/avr/4.3.3/avr5\libgcc.a(_clz.o)
                0x0080007e                __clz_tab
 *(.data*)
 .data.KeypadArr
                0x0080017e       0x10 ./HAL/KEYPAD/KEYPAD.o
                0x0080017e                KeypadArr
 .data.SetTempPSHBTTN
                0x0080018e        0x1 ./APP/APP.o
                0x0080018e                SetTempPSHBTTN
 .data.PressedKpadKey
                0x0080018f        0x1 ./APP/APP.o
                0x0080018f                PressedKpadKey
 .data.ptr      0x00800190        0x2 ./APP/APP.o
                0x00800190                ptr
 *(.rodata)
 *(.rodata*)
 *(.gnu.linkonce.d*)
                0x00800192                . = ALIGN (0x2)
                0x00800192                _edata = .
                0x00800192                PROVIDE (__data_end, .)

.bss            0x00800192       0x1b
                0x00800192                PROVIDE (__bss_start, .)
 *(.bss)
 .bss           0x00800192        0x0 e:/courses and certificates/imt/tools/sdk/imt_sdk_win_64/winavr/bin/../lib/gcc/avr/4.3.3/../../../../avr/lib/avr5/crtm32.o
 .bss           0x00800192        0x0 ./MCAL/UART/UART.o
 .bss           0x00800192        0x0 ./MCAL/TIM/TIMER_DRIVER.o
 .bss           0x00800192        0x0 ./MCAL/DIO/DIO_DRIVER.o
 .bss           0x00800192        0x0 ./MCAL/ADC/ADC.o
 .bss           0x00800192        0x0 ./INFRASTRUCTURE/LIB/STRING.o
 .bss           0x00800192        0x0 ./HAL/PushButton/PushButton.o
 .bss           0x00800192        0x0 ./HAL/LCD/LCD.o
 .bss           0x00800192        0x0 ./HAL/KEYPAD/KEYPAD.o
 .bss           0x00800192        0x0 ./APP/APP.o
 .bss           0x00800192        0x0 ./main.o
 .bss           0x00800192        0x0 e:/courses and certificates/imt/tools/sdk/imt_sdk_win_64/winavr/bin/../lib/gcc/avr/4.3.3/avr5\libgcc.a(_mulsi3.o)
 .bss           0x00800192        0x0 e:/courses and certificates/imt/tools/sdk/imt_sdk_win_64/winavr/bin/../lib/gcc/avr/4.3.3/avr5\libgcc.a(_udivmodhi4.o)
 .bss           0x00800192        0x0 e:/courses and certificates/imt/tools/sdk/imt_sdk_win_64/winavr/bin/../lib/gcc/avr/4.3.3/avr5\libgcc.a(_udivmodsi4.o)
 .bss           0x00800192        0x0 e:/courses and certificates/imt/tools/sdk/imt_sdk_win_64/winavr/bin/../lib/gcc/avr/4.3.3/avr5\libgcc.a(_exit.o)
 .bss           0x00800192        0x0 e:/courses and certificates/imt/tools/sdk/imt_sdk_win_64/winavr/bin/../lib/gcc/avr/4.3.3/avr5\libgcc.a(_copy_data.o)
 .bss           0x00800192        0x0 e:/courses and certificates/imt/tools/sdk/imt_sdk_win_64/winavr/bin/../lib/gcc/avr/4.3.3/avr5\libgcc.a(_clear_bss.o)
 .bss           0x00800192        0x0 e:/courses and certificates/imt/tools/sdk/imt_sdk_win_64/winavr/bin/../lib/gcc/avr/4.3.3/avr5\libgcc.a(_fixunssfsi.o)
 .bss           0x00800192        0x0 e:/courses and certificates/imt/tools/sdk/imt_sdk_win_64/winavr/bin/../lib/gcc/avr/4.3.3/avr5\libgcc.a(_addsub_sf.o)
 .bss           0x00800192        0x0 e:/courses and certificates/imt/tools/sdk/imt_sdk_win_64/winavr/bin/../lib/gcc/avr/4.3.3/avr5\libgcc.a(_mul_sf.o)
 .bss           0x00800192        0x0 e:/courses and certificates/imt/tools/sdk/imt_sdk_win_64/winavr/bin/../lib/gcc/avr/4.3.3/avr5\libgcc.a(_div_sf.o)
 .bss           0x00800192        0x0 e:/courses and certificates/imt/tools/sdk/imt_sdk_win_64/winavr/bin/../lib/gcc/avr/4.3.3/avr5\libgcc.a(_ge_sf.o)
 .bss           0x00800192        0x0 e:/courses and certificates/imt/tools/sdk/imt_sdk_win_64/winavr/bin/../lib/gcc/avr/4.3.3/avr5\libgcc.a(_sf_to_si.o)
 .bss           0x00800192        0x0 e:/courses and certificates/imt/tools/sdk/imt_sdk_win_64/winavr/bin/../lib/gcc/avr/4.3.3/avr5\libgcc.a(_thenan_sf.o)
 .bss           0x00800192        0x0 e:/courses and certificates/imt/tools/sdk/imt_sdk_win_64/winavr/bin/../lib/gcc/avr/4.3.3/avr5\libgcc.a(_usi_to_sf.o)
 .bss           0x00800192        0x0 e:/courses and certificates/imt/tools/sdk/imt_sdk_win_64/winavr/bin/../lib/gcc/avr/4.3.3/avr5\libgcc.a(_prologue.o)
 .bss           0x00800192        0x0 e:/courses and certificates/imt/tools/sdk/imt_sdk_win_64/winavr/bin/../lib/gcc/avr/4.3.3/avr5\libgcc.a(_epilogue.o)
 .bss           0x00800192        0x0 e:/courses and certificates/imt/tools/sdk/imt_sdk_win_64/winavr/bin/../lib/gcc/avr/4.3.3/avr5\libgcc.a(_clzsi2.o)
 .bss           0x00800192        0x0 e:/courses and certificates/imt/tools/sdk/imt_sdk_win_64/winavr/bin/../lib/gcc/avr/4.3.3/avr5\libgcc.a(_pack_sf.o)
 .bss           0x00800192        0x0 e:/courses and certificates/imt/tools/sdk/imt_sdk_win_64/winavr/bin/../lib/gcc/avr/4.3.3/avr5\libgcc.a(_unpack_sf.o)
 .bss           0x00800192        0x0 e:/courses and certificates/imt/tools/sdk/imt_sdk_win_64/winavr/bin/../lib/gcc/avr/4.3.3/avr5\libgcc.a(_fpcmp_parts_sf.o)
 .bss           0x00800192        0x0 e:/courses and certificates/imt/tools/sdk/imt_sdk_win_64/winavr/bin/../lib/gcc/avr/4.3.3/avr5\libgcc.a(_clz.o)
 *(.bss*)
 .bss.UART_RX_Complete_callback
                0x00800192        0x2 ./MCAL/UART/UART.o
 .bss.UART_UDRE_Empty_callback
                0x00800194        0x2 ./MCAL/UART/UART.o
 .bss.UART_TX_Complete_callback
                0x00800196        0x2 ./MCAL/UART/UART.o
 .bss.TIM0_OVFAction_callback
                0x00800198        0x2 ./MCAL/TIM/TIMER_DRIVER.o
 .bss.TIM0_OCAction_callback
                0x0080019a        0x2 ./MCAL/TIM/TIMER_DRIVER.o
 .bss.TIM2_OVFAction_callback
                0x0080019c        0x2 ./MCAL/TIM/TIMER_DRIVER.o
 .bss.TIM2_OCAction_callback
                0x0080019e        0x2 ./MCAL/TIM/TIMER_DRIVER.o
 .bss.ADC_Conversion_Complete_callback
                0x008001a0        0x2 ./MCAL/ADC/ADC.o
 .bss.SettedTemp
                0x008001a2        0x1 ./APP/APP.o
                0x008001a2                SettedTemp
 .bss.ActualTemp
                0x008001a3        0x1 ./APP/APP.o
                0x008001a3                ActualTemp
 .bss.reading   0x008001a4        0x2 ./APP/APP.o
                0x008001a4                reading
 .bss.AnalogReading
                0x008001a6        0x2 ./APP/APP.o
                0x008001a6                AnalogReading
 .bss.Setvalue  0x008001a8        0x4 ./APP/APP.o
                0x008001a8                Setvalue
 .bss.iterator  0x008001ac        0x1 ./APP/APP.o
                0x008001ac                iterator
 *(COMMON)
                0x008001ad                PROVIDE (__bss_end, .)
                0x00004766                __data_load_start = LOADADDR (.data)
                0x00004898                __data_load_end = (__data_load_start + SIZEOF (.data))

.noinit         0x008001ad        0x0
                0x008001ad                PROVIDE (__noinit_start, .)
 *(.noinit*)
                0x008001ad                PROVIDE (__noinit_end, .)
                0x008001ad                _end = .
                0x008001ad                PROVIDE (__heap_start, .)

.eeprom         0x00810000        0x0
 *(.eeprom*)
                0x00810000                __eeprom_end = .

.fuse
 *(.fuse)
 *(.lfuse)
 *(.hfuse)
 *(.efuse)

.lock
 *(.lock*)

.signature
 *(.signature*)

.stab           0x00000000     0x5400
 *(.stab)
 .stab          0x00000000      0xb88 ./MCAL/UART/UART.o
 .stab          0x00000b88     0x1458 ./MCAL/TIM/TIMER_DRIVER.o
                               0x1464 (size before relaxing)
 .stab          0x00001fe0      0xd08 ./MCAL/DIO/DIO_DRIVER.o
                                0xd14 (size before relaxing)
 .stab          0x00002ce8      0x780 ./MCAL/ADC/ADC.o
                                0x78c (size before relaxing)
 .stab          0x00003468      0x654 ./INFRASTRUCTURE/LIB/STRING.o
                                0x660 (size before relaxing)
 .stab          0x00003abc      0x480 ./HAL/PushButton/PushButton.o
                                0x48c (size before relaxing)
 .stab          0x00003f3c      0x8dc ./HAL/LCD/LCD.o
                                0x8e8 (size before relaxing)
 .stab          0x00004818      0x4bc ./HAL/KEYPAD/KEYPAD.o
                                0x4c8 (size before relaxing)
 .stab          0x00004cd4      0x504 ./APP/APP.o
                                0x510 (size before relaxing)
 .stab          0x000051d8      0x228 ./main.o
                                0x264 (size before relaxing)

.stabstr        0x00000000     0x1a24
 *(.stabstr)
 .stabstr       0x00000000     0x1a24 ./MCAL/UART/UART.o

.stab.excl
 *(.stab.excl)

.stab.exclstr
 *(.stab.exclstr)

.stab.index
 *(.stab.index)

.stab.indexstr
 *(.stab.indexstr)

.comment
 *(.comment)

.debug
 *(.debug)

.line
 *(.line)

.debug_srcinfo
 *(.debug_srcinfo)

.debug_sfnames
 *(.debug_sfnames)

.debug_aranges  0x00000000      0x160
 *(.debug_aranges)
 .debug_aranges
                0x00000000       0x20 e:/courses and certificates/imt/tools/sdk/imt_sdk_win_64/winavr/bin/../lib/gcc/avr/4.3.3/avr5\libgcc.a(_fixunssfsi.o)
 .debug_aranges
                0x00000020       0x20 e:/courses and certificates/imt/tools/sdk/imt_sdk_win_64/winavr/bin/../lib/gcc/avr/4.3.3/avr5\libgcc.a(_addsub_sf.o)
 .debug_aranges
                0x00000040       0x20 e:/courses and certificates/imt/tools/sdk/imt_sdk_win_64/winavr/bin/../lib/gcc/avr/4.3.3/avr5\libgcc.a(_mul_sf.o)
 .debug_aranges
                0x00000060       0x20 e:/courses and certificates/imt/tools/sdk/imt_sdk_win_64/winavr/bin/../lib/gcc/avr/4.3.3/avr5\libgcc.a(_div_sf.o)
 .debug_aranges
                0x00000080       0x20 e:/courses and certificates/imt/tools/sdk/imt_sdk_win_64/winavr/bin/../lib/gcc/avr/4.3.3/avr5\libgcc.a(_ge_sf.o)
 .debug_aranges
                0x000000a0       0x20 e:/courses and certificates/imt/tools/sdk/imt_sdk_win_64/winavr/bin/../lib/gcc/avr/4.3.3/avr5\libgcc.a(_sf_to_si.o)
 .debug_aranges
                0x000000c0       0x20 e:/courses and certificates/imt/tools/sdk/imt_sdk_win_64/winavr/bin/../lib/gcc/avr/4.3.3/avr5\libgcc.a(_usi_to_sf.o)
 .debug_aranges
                0x000000e0       0x20 e:/courses and certificates/imt/tools/sdk/imt_sdk_win_64/winavr/bin/../lib/gcc/avr/4.3.3/avr5\libgcc.a(_clzsi2.o)
 .debug_aranges
                0x00000100       0x20 e:/courses and certificates/imt/tools/sdk/imt_sdk_win_64/winavr/bin/../lib/gcc/avr/4.3.3/avr5\libgcc.a(_pack_sf.o)
 .debug_aranges
                0x00000120       0x20 e:/courses and certificates/imt/tools/sdk/imt_sdk_win_64/winavr/bin/../lib/gcc/avr/4.3.3/avr5\libgcc.a(_unpack_sf.o)
 .debug_aranges
                0x00000140       0x20 e:/courses and certificates/imt/tools/sdk/imt_sdk_win_64/winavr/bin/../lib/gcc/avr/4.3.3/avr5\libgcc.a(_fpcmp_parts_sf.o)

.debug_pubnames
                0x00000000      0x1b6
 *(.debug_pubnames)
 .debug_pubnames
                0x00000000       0x23 e:/courses and certificates/imt/tools/sdk/imt_sdk_win_64/winavr/bin/../lib/gcc/avr/4.3.3/avr5\libgcc.a(_fixunssfsi.o)
 .debug_pubnames
                0x00000023       0x2c e:/courses and certificates/imt/tools/sdk/imt_sdk_win_64/winavr/bin/../lib/gcc/avr/4.3.3/avr5\libgcc.a(_addsub_sf.o)
 .debug_pubnames
                0x0000004f       0x1f e:/courses and certificates/imt/tools/sdk/imt_sdk_win_64/winavr/bin/../lib/gcc/avr/4.3.3/avr5\libgcc.a(_mul_sf.o)
 .debug_pubnames
                0x0000006e       0x1f e:/courses and certificates/imt/tools/sdk/imt_sdk_win_64/winavr/bin/../lib/gcc/avr/4.3.3/avr5\libgcc.a(_div_sf.o)
 .debug_pubnames
                0x0000008d       0x1e e:/courses and certificates/imt/tools/sdk/imt_sdk_win_64/winavr/bin/../lib/gcc/avr/4.3.3/avr5\libgcc.a(_ge_sf.o)
 .debug_pubnames
                0x000000ab       0x20 e:/courses and certificates/imt/tools/sdk/imt_sdk_win_64/winavr/bin/../lib/gcc/avr/4.3.3/avr5\libgcc.a(_sf_to_si.o)
 .debug_pubnames
                0x000000cb       0x22 e:/courses and certificates/imt/tools/sdk/imt_sdk_win_64/winavr/bin/../lib/gcc/avr/4.3.3/avr5\libgcc.a(_thenan_sf.o)
 .debug_pubnames
                0x000000ed       0x24 e:/courses and certificates/imt/tools/sdk/imt_sdk_win_64/winavr/bin/../lib/gcc/avr/4.3.3/avr5\libgcc.a(_usi_to_sf.o)
 .debug_pubnames
                0x00000111       0x1f e:/courses and certificates/imt/tools/sdk/imt_sdk_win_64/winavr/bin/../lib/gcc/avr/4.3.3/avr5\libgcc.a(_clzsi2.o)
 .debug_pubnames
                0x00000130       0x1f e:/courses and certificates/imt/tools/sdk/imt_sdk_win_64/winavr/bin/../lib/gcc/avr/4.3.3/avr5\libgcc.a(_pack_sf.o)
 .debug_pubnames
                0x0000014f       0x21 e:/courses and certificates/imt/tools/sdk/imt_sdk_win_64/winavr/bin/../lib/gcc/avr/4.3.3/avr5\libgcc.a(_unpack_sf.o)
 .debug_pubnames
                0x00000170       0x26 e:/courses and certificates/imt/tools/sdk/imt_sdk_win_64/winavr/bin/../lib/gcc/avr/4.3.3/avr5\libgcc.a(_fpcmp_parts_sf.o)
 .debug_pubnames
                0x00000196       0x20 e:/courses and certificates/imt/tools/sdk/imt_sdk_win_64/winavr/bin/../lib/gcc/avr/4.3.3/avr5\libgcc.a(_clz.o)

.debug_info     0x00000000     0x1f0d
 *(.debug_info)
 .debug_info    0x00000000       0xb1 e:/courses and certificates/imt/tools/sdk/imt_sdk_win_64/winavr/bin/../lib/gcc/avr/4.3.3/avr5\libgcc.a(_fixunssfsi.o)
 .debug_info    0x000000b1      0x47a e:/courses and certificates/imt/tools/sdk/imt_sdk_win_64/winavr/bin/../lib/gcc/avr/4.3.3/avr5\libgcc.a(_addsub_sf.o)
 .debug_info    0x0000052b      0x485 e:/courses and certificates/imt/tools/sdk/imt_sdk_win_64/winavr/bin/../lib/gcc/avr/4.3.3/avr5\libgcc.a(_mul_sf.o)
 .debug_info    0x000009b0      0x3fc e:/courses and certificates/imt/tools/sdk/imt_sdk_win_64/winavr/bin/../lib/gcc/avr/4.3.3/avr5\libgcc.a(_div_sf.o)
 .debug_info    0x00000dac      0x27f e:/courses and certificates/imt/tools/sdk/imt_sdk_win_64/winavr/bin/../lib/gcc/avr/4.3.3/avr5\libgcc.a(_ge_sf.o)
 .debug_info    0x0000102b      0x2b0 e:/courses and certificates/imt/tools/sdk/imt_sdk_win_64/winavr/bin/../lib/gcc/avr/4.3.3/avr5\libgcc.a(_sf_to_si.o)
 .debug_info    0x000012db      0x12c e:/courses and certificates/imt/tools/sdk/imt_sdk_win_64/winavr/bin/../lib/gcc/avr/4.3.3/avr5\libgcc.a(_thenan_sf.o)
 .debug_info    0x00001407      0x206 e:/courses and certificates/imt/tools/sdk/imt_sdk_win_64/winavr/bin/../lib/gcc/avr/4.3.3/avr5\libgcc.a(_usi_to_sf.o)
 .debug_info    0x0000160d      0x117 e:/courses and certificates/imt/tools/sdk/imt_sdk_win_64/winavr/bin/../lib/gcc/avr/4.3.3/avr5\libgcc.a(_clzsi2.o)
 .debug_info    0x00001724      0x2df e:/courses and certificates/imt/tools/sdk/imt_sdk_win_64/winavr/bin/../lib/gcc/avr/4.3.3/avr5\libgcc.a(_pack_sf.o)
 .debug_info    0x00001a03      0x251 e:/courses and certificates/imt/tools/sdk/imt_sdk_win_64/winavr/bin/../lib/gcc/avr/4.3.3/avr5\libgcc.a(_unpack_sf.o)
 .debug_info    0x00001c54      0x210 e:/courses and certificates/imt/tools/sdk/imt_sdk_win_64/winavr/bin/../lib/gcc/avr/4.3.3/avr5\libgcc.a(_fpcmp_parts_sf.o)
 .debug_info    0x00001e64       0xa9 e:/courses and certificates/imt/tools/sdk/imt_sdk_win_64/winavr/bin/../lib/gcc/avr/4.3.3/avr5\libgcc.a(_clz.o)
 *(.gnu.linkonce.wi.*)

.debug_abbrev   0x00000000     0x10d2
 *(.debug_abbrev)
 .debug_abbrev  0x00000000       0x5d e:/courses and certificates/imt/tools/sdk/imt_sdk_win_64/winavr/bin/../lib/gcc/avr/4.3.3/avr5\libgcc.a(_fixunssfsi.o)
 .debug_abbrev  0x0000005d      0x1ea e:/courses and certificates/imt/tools/sdk/imt_sdk_win_64/winavr/bin/../lib/gcc/avr/4.3.3/avr5\libgcc.a(_addsub_sf.o)
 .debug_abbrev  0x00000247      0x21b e:/courses and certificates/imt/tools/sdk/imt_sdk_win_64/winavr/bin/../lib/gcc/avr/4.3.3/avr5\libgcc.a(_mul_sf.o)
 .debug_abbrev  0x00000462      0x216 e:/courses and certificates/imt/tools/sdk/imt_sdk_win_64/winavr/bin/../lib/gcc/avr/4.3.3/avr5\libgcc.a(_div_sf.o)
 .debug_abbrev  0x00000678      0x15a e:/courses and certificates/imt/tools/sdk/imt_sdk_win_64/winavr/bin/../lib/gcc/avr/4.3.3/avr5\libgcc.a(_ge_sf.o)
 .debug_abbrev  0x000007d2      0x17f e:/courses and certificates/imt/tools/sdk/imt_sdk_win_64/winavr/bin/../lib/gcc/avr/4.3.3/avr5\libgcc.a(_sf_to_si.o)
 .debug_abbrev  0x00000951       0xad e:/courses and certificates/imt/tools/sdk/imt_sdk_win_64/winavr/bin/../lib/gcc/avr/4.3.3/avr5\libgcc.a(_thenan_sf.o)
 .debug_abbrev  0x000009fe      0x157 e:/courses and certificates/imt/tools/sdk/imt_sdk_win_64/winavr/bin/../lib/gcc/avr/4.3.3/avr5\libgcc.a(_usi_to_sf.o)
 .debug_abbrev  0x00000b55       0xc4 e:/courses and certificates/imt/tools/sdk/imt_sdk_win_64/winavr/bin/../lib/gcc/avr/4.3.3/avr5\libgcc.a(_clzsi2.o)
 .debug_abbrev  0x00000c19      0x1c0 e:/courses and certificates/imt/tools/sdk/imt_sdk_win_64/winavr/bin/../lib/gcc/avr/4.3.3/avr5\libgcc.a(_pack_sf.o)
 .debug_abbrev  0x00000dd9      0x154 e:/courses and certificates/imt/tools/sdk/imt_sdk_win_64/winavr/bin/../lib/gcc/avr/4.3.3/avr5\libgcc.a(_unpack_sf.o)
 .debug_abbrev  0x00000f2d      0x13b e:/courses and certificates/imt/tools/sdk/imt_sdk_win_64/winavr/bin/../lib/gcc/avr/4.3.3/avr5\libgcc.a(_fpcmp_parts_sf.o)
 .debug_abbrev  0x00001068       0x6a e:/courses and certificates/imt/tools/sdk/imt_sdk_win_64/winavr/bin/../lib/gcc/avr/4.3.3/avr5\libgcc.a(_clz.o)

.debug_line     0x00000000     0x1030
 *(.debug_line)
 .debug_line    0x00000000       0xa7 e:/courses and certificates/imt/tools/sdk/imt_sdk_win_64/winavr/bin/../lib/gcc/avr/4.3.3/avr5\libgcc.a(_fixunssfsi.o)
 .debug_line    0x000000a7      0x2af e:/courses and certificates/imt/tools/sdk/imt_sdk_win_64/winavr/bin/../lib/gcc/avr/4.3.3/avr5\libgcc.a(_addsub_sf.o)
 .debug_line    0x00000356      0x239 e:/courses and certificates/imt/tools/sdk/imt_sdk_win_64/winavr/bin/../lib/gcc/avr/4.3.3/avr5\libgcc.a(_mul_sf.o)
 .debug_line    0x0000058f      0x1d5 e:/courses and certificates/imt/tools/sdk/imt_sdk_win_64/winavr/bin/../lib/gcc/avr/4.3.3/avr5\libgcc.a(_div_sf.o)
 .debug_line    0x00000764       0xd3 e:/courses and certificates/imt/tools/sdk/imt_sdk_win_64/winavr/bin/../lib/gcc/avr/4.3.3/avr5\libgcc.a(_ge_sf.o)
 .debug_line    0x00000837      0x109 e:/courses and certificates/imt/tools/sdk/imt_sdk_win_64/winavr/bin/../lib/gcc/avr/4.3.3/avr5\libgcc.a(_sf_to_si.o)
 .debug_line    0x00000940       0x90 e:/courses and certificates/imt/tools/sdk/imt_sdk_win_64/winavr/bin/../lib/gcc/avr/4.3.3/avr5\libgcc.a(_thenan_sf.o)
 .debug_line    0x000009d0      0x133 e:/courses and certificates/imt/tools/sdk/imt_sdk_win_64/winavr/bin/../lib/gcc/avr/4.3.3/avr5\libgcc.a(_usi_to_sf.o)
 .debug_line    0x00000b03       0xa5 e:/courses and certificates/imt/tools/sdk/imt_sdk_win_64/winavr/bin/../lib/gcc/avr/4.3.3/avr5\libgcc.a(_clzsi2.o)
 .debug_line    0x00000ba8      0x18a e:/courses and certificates/imt/tools/sdk/imt_sdk_win_64/winavr/bin/../lib/gcc/avr/4.3.3/avr5\libgcc.a(_pack_sf.o)
 .debug_line    0x00000d32      0x14b e:/courses and certificates/imt/tools/sdk/imt_sdk_win_64/winavr/bin/../lib/gcc/avr/4.3.3/avr5\libgcc.a(_unpack_sf.o)
 .debug_line    0x00000e7d      0x137 e:/courses and certificates/imt/tools/sdk/imt_sdk_win_64/winavr/bin/../lib/gcc/avr/4.3.3/avr5\libgcc.a(_fpcmp_parts_sf.o)
 .debug_line    0x00000fb4       0x7c e:/courses and certificates/imt/tools/sdk/imt_sdk_win_64/winavr/bin/../lib/gcc/avr/4.3.3/avr5\libgcc.a(_clz.o)

.debug_frame    0x00000000      0x180
 *(.debug_frame)
 .debug_frame   0x00000000       0x20 e:/courses and certificates/imt/tools/sdk/imt_sdk_win_64/winavr/bin/../lib/gcc/avr/4.3.3/avr5\libgcc.a(_fixunssfsi.o)
 .debug_frame   0x00000020       0x40 e:/courses and certificates/imt/tools/sdk/imt_sdk_win_64/winavr/bin/../lib/gcc/avr/4.3.3/avr5\libgcc.a(_addsub_sf.o)
 .debug_frame   0x00000060       0x20 e:/courses and certificates/imt/tools/sdk/imt_sdk_win_64/winavr/bin/../lib/gcc/avr/4.3.3/avr5\libgcc.a(_mul_sf.o)
 .debug_frame   0x00000080       0x20 e:/courses and certificates/imt/tools/sdk/imt_sdk_win_64/winavr/bin/../lib/gcc/avr/4.3.3/avr5\libgcc.a(_div_sf.o)
 .debug_frame   0x000000a0       0x20 e:/courses and certificates/imt/tools/sdk/imt_sdk_win_64/winavr/bin/../lib/gcc/avr/4.3.3/avr5\libgcc.a(_ge_sf.o)
 .debug_frame   0x000000c0       0x20 e:/courses and certificates/imt/tools/sdk/imt_sdk_win_64/winavr/bin/../lib/gcc/avr/4.3.3/avr5\libgcc.a(_sf_to_si.o)
 .debug_frame   0x000000e0       0x20 e:/courses and certificates/imt/tools/sdk/imt_sdk_win_64/winavr/bin/../lib/gcc/avr/4.3.3/avr5\libgcc.a(_usi_to_sf.o)
 .debug_frame   0x00000100       0x20 e:/courses and certificates/imt/tools/sdk/imt_sdk_win_64/winavr/bin/../lib/gcc/avr/4.3.3/avr5\libgcc.a(_clzsi2.o)
 .debug_frame   0x00000120       0x20 e:/courses and certificates/imt/tools/sdk/imt_sdk_win_64/winavr/bin/../lib/gcc/avr/4.3.3/avr5\libgcc.a(_pack_sf.o)
 .debug_frame   0x00000140       0x20 e:/courses and certificates/imt/tools/sdk/imt_sdk_win_64/winavr/bin/../lib/gcc/avr/4.3.3/avr5\libgcc.a(_unpack_sf.o)
 .debug_frame   0x00000160       0x20 e:/courses and certificates/imt/tools/sdk/imt_sdk_win_64/winavr/bin/../lib/gcc/avr/4.3.3/avr5\libgcc.a(_fpcmp_parts_sf.o)

.debug_str      0x00000000      0x2e6
 *(.debug_str)
 .debug_str     0x00000000       0xbf e:/courses and certificates/imt/tools/sdk/imt_sdk_win_64/winavr/bin/../lib/gcc/avr/4.3.3/avr5\libgcc.a(_fixunssfsi.o)
                                 0xfe (size before relaxing)
 .debug_str     0x000000bf      0x14d e:/courses and certificates/imt/tools/sdk/imt_sdk_win_64/winavr/bin/../lib/gcc/avr/4.3.3/avr5\libgcc.a(_addsub_sf.o)
                                0x206 (size before relaxing)
 .debug_str     0x0000020c       0x27 e:/courses and certificates/imt/tools/sdk/imt_sdk_win_64/winavr/bin/../lib/gcc/avr/4.3.3/avr5\libgcc.a(_mul_sf.o)
                                0x1bf (size before relaxing)
 .debug_str     0x00000233       0x35 e:/courses and certificates/imt/tools/sdk/imt_sdk_win_64/winavr/bin/../lib/gcc/avr/4.3.3/avr5\libgcc.a(_div_sf.o)
                                0x1c8 (size before relaxing)
 .debug_str     0x00000268        0x8 e:/courses and certificates/imt/tools/sdk/imt_sdk_win_64/winavr/bin/../lib/gcc/avr/4.3.3/avr5\libgcc.a(_ge_sf.o)
                                0x195 (size before relaxing)
 .debug_str     0x00000270        0xa e:/courses and certificates/imt/tools/sdk/imt_sdk_win_64/winavr/bin/../lib/gcc/avr/4.3.3/avr5\libgcc.a(_sf_to_si.o)
                                0x19e (size before relaxing)
 .debug_str     0x00000000      0x103 e:/courses and certificates/imt/tools/sdk/imt_sdk_win_64/winavr/bin/../lib/gcc/avr/4.3.3/avr5\libgcc.a(_thenan_sf.o)
 .debug_str     0x0000027a       0x21 e:/courses and certificates/imt/tools/sdk/imt_sdk_win_64/winavr/bin/../lib/gcc/avr/4.3.3/avr5\libgcc.a(_usi_to_sf.o)
                                0x177 (size before relaxing)
 .debug_str     0x0000029b       0x20 e:/courses and certificates/imt/tools/sdk/imt_sdk_win_64/winavr/bin/../lib/gcc/avr/4.3.3/avr5\libgcc.a(_clzsi2.o)
                                0x111 (size before relaxing)
 .debug_str     0x000002bb       0x10 e:/courses and certificates/imt/tools/sdk/imt_sdk_win_64/winavr/bin/../lib/gcc/avr/4.3.3/avr5\libgcc.a(_pack_sf.o)
                                0x19d (size before relaxing)
 .debug_str     0x000002cb        0xb e:/courses and certificates/imt/tools/sdk/imt_sdk_win_64/winavr/bin/../lib/gcc/avr/4.3.3/avr5\libgcc.a(_unpack_sf.o)
                                0x17f (size before relaxing)
 .debug_str     0x000002d6       0x10 e:/courses and certificates/imt/tools/sdk/imt_sdk_win_64/winavr/bin/../lib/gcc/avr/4.3.3/avr5\libgcc.a(_fpcmp_parts_sf.o)
                                0x163 (size before relaxing)
 .debug_str     0x00000000       0xf4 e:/courses and certificates/imt/tools/sdk/imt_sdk_win_64/winavr/bin/../lib/gcc/avr/4.3.3/avr5\libgcc.a(_clz.o)

.debug_loc      0x00000000      0x8f6
 *(.debug_loc)
 .debug_loc     0x00000000       0x34 e:/courses and certificates/imt/tools/sdk/imt_sdk_win_64/winavr/bin/../lib/gcc/avr/4.3.3/avr5\libgcc.a(_fixunssfsi.o)
 .debug_loc     0x00000034      0x32a e:/courses and certificates/imt/tools/sdk/imt_sdk_win_64/winavr/bin/../lib/gcc/avr/4.3.3/avr5\libgcc.a(_addsub_sf.o)
 .debug_loc     0x0000035e      0x104 e:/courses and certificates/imt/tools/sdk/imt_sdk_win_64/winavr/bin/../lib/gcc/avr/4.3.3/avr5\libgcc.a(_mul_sf.o)
 .debug_loc     0x00000462       0xc0 e:/courses and certificates/imt/tools/sdk/imt_sdk_win_64/winavr/bin/../lib/gcc/avr/4.3.3/avr5\libgcc.a(_div_sf.o)
 .debug_loc     0x00000522       0x3c e:/courses and certificates/imt/tools/sdk/imt_sdk_win_64/winavr/bin/../lib/gcc/avr/4.3.3/avr5\libgcc.a(_ge_sf.o)
 .debug_loc     0x0000055e       0x7e e:/courses and certificates/imt/tools/sdk/imt_sdk_win_64/winavr/bin/../lib/gcc/avr/4.3.3/avr5\libgcc.a(_sf_to_si.o)
 .debug_loc     0x000005dc       0x4c e:/courses and certificates/imt/tools/sdk/imt_sdk_win_64/winavr/bin/../lib/gcc/avr/4.3.3/avr5\libgcc.a(_usi_to_sf.o)
 .debug_loc     0x00000628       0x94 e:/courses and certificates/imt/tools/sdk/imt_sdk_win_64/winavr/bin/../lib/gcc/avr/4.3.3/avr5\libgcc.a(_clzsi2.o)
 .debug_loc     0x000006bc      0x13e e:/courses and certificates/imt/tools/sdk/imt_sdk_win_64/winavr/bin/../lib/gcc/avr/4.3.3/avr5\libgcc.a(_pack_sf.o)
 .debug_loc     0x000007fa       0xac e:/courses and certificates/imt/tools/sdk/imt_sdk_win_64/winavr/bin/../lib/gcc/avr/4.3.3/avr5\libgcc.a(_unpack_sf.o)
 .debug_loc     0x000008a6       0x50 e:/courses and certificates/imt/tools/sdk/imt_sdk_win_64/winavr/bin/../lib/gcc/avr/4.3.3/avr5\libgcc.a(_fpcmp_parts_sf.o)

.debug_macinfo
 *(.debug_macinfo)
OUTPUT(ADCDriverForThermostateTask.elf elf32-avr)
LOAD linker stubs

.debug_ranges   0x00000000       0x50
 .debug_ranges  0x00000000       0x50 e:/courses and certificates/imt/tools/sdk/imt_sdk_win_64/winavr/bin/../lib/gcc/avr/4.3.3/avr5\libgcc.a(_mul_sf.o)
