Archive member included because of file (symbol)

e:/courses and certificates/imt/tools/sdk/imt_sdk_win_64/winavr/bin/../lib/gcc/avr/4.3.3/avr5\libgcc.a(_exit.o)
                              e:/courses and certificates/imt/tools/sdk/imt_sdk_win_64/winavr/bin/../lib/gcc/avr/4.3.3/../../../../avr/lib/avr5/crtm32.o (exit)
e:/courses and certificates/imt/tools/sdk/imt_sdk_win_64/winavr/bin/../lib/gcc/avr/4.3.3/avr5\libgcc.a(_clear_bss.o)
                              ./MCAL/UART/UART.o (__do_clear_bss)

Allocating common symbols
Common symbol       size              file

character           0xff              ./APP/APP_2.o

Memory Configuration

Name             Origin             Length             Attributes
text             0x00000000         0x00020000         xr
data             0x00800060         0x0000ffa0         rw !x
eeprom           0x00810000         0x00010000         rw !x
fuse             0x00820000         0x00000400         rw !x
lock             0x00830000         0x00000400         rw !x
signature        0x00840000         0x00000400         rw !x
*default*        0x00000000         0xffffffff

Linker script and memory map

LOAD e:/courses and certificates/imt/tools/sdk/imt_sdk_win_64/winavr/bin/../lib/gcc/avr/4.3.3/../../../../avr/lib/avr5/crtm32.o
LOAD ./MCAL/UART/UART.o
LOAD ./MCAL/SPI/SPI.o
LOAD ./MCAL/DIO/DIO_DRIVER.o
LOAD ./APP/APP_2.o
LOAD ./main.o
LOAD e:/courses and certificates/imt/tools/sdk/imt_sdk_win_64/winavr/bin/../lib/gcc/avr/4.3.3/avr5\libgcc.a
LOAD e:/courses and certificates/imt/tools/sdk/imt_sdk_win_64/winavr/bin/../lib/gcc/avr/4.3.3/../../../../avr/lib/avr5\libc.a
LOAD e:/courses and certificates/imt/tools/sdk/imt_sdk_win_64/winavr/bin/../lib/gcc/avr/4.3.3/avr5\libgcc.a

.hash
 *(.hash)

.dynsym
 *(.dynsym)

.dynstr
 *(.dynstr)

.gnu.version
 *(.gnu.version)

.gnu.version_d
 *(.gnu.version_d)

.gnu.version_r
 *(.gnu.version_r)

.rel.init
 *(.rel.init)

.rela.init
 *(.rela.init)

.rel.text
 *(.rel.text)
 *(.rel.text.*)
 *(.rel.gnu.linkonce.t*)

.rela.text
 *(.rela.text)
 *(.rela.text.*)
 *(.rela.gnu.linkonce.t*)

.rel.fini
 *(.rel.fini)

.rela.fini
 *(.rela.fini)

.rel.rodata
 *(.rel.rodata)
 *(.rel.rodata.*)
 *(.rel.gnu.linkonce.r*)

.rela.rodata
 *(.rela.rodata)
 *(.rela.rodata.*)
 *(.rela.gnu.linkonce.r*)

.rel.data
 *(.rel.data)
 *(.rel.data.*)
 *(.rel.gnu.linkonce.d*)

.rela.data
 *(.rela.data)
 *(.rela.data.*)
 *(.rela.gnu.linkonce.d*)

.rel.ctors
 *(.rel.ctors)

.rela.ctors
 *(.rela.ctors)

.rel.dtors
 *(.rel.dtors)

.rela.dtors
 *(.rela.dtors)

.rel.got
 *(.rel.got)

.rela.got
 *(.rela.got)

.rel.bss
 *(.rel.bss)

.rela.bss
 *(.rela.bss)

.rel.plt
 *(.rel.plt)

.rela.plt
 *(.rela.plt)

.text           0x00000000     0x19dc
 *(.vectors)
 .vectors       0x00000000       0x54 e:/courses and certificates/imt/tools/sdk/imt_sdk_win_64/winavr/bin/../lib/gcc/avr/4.3.3/../../../../avr/lib/avr5/crtm32.o
                0x00000000                __vectors
                0x00000000                __vector_default
 *(.vectors)
 *(.progmem.gcc*)
 *(.progmem*)
                0x00000054                . = ALIGN (0x2)
                0x00000054                __trampolines_start = .
 *(.trampolines)
 .trampolines   0x00000054        0x0 linker stubs
 *(.trampolines*)
                0x00000054                __trampolines_end = .
 *(.jumptables)
 *(.jumptables*)
 *(.lowtext)
 *(.lowtext*)
                0x00000054                __ctors_start = .
 *(.ctors)
                0x00000054                __ctors_end = .
                0x00000054                __dtors_start = .
 *(.dtors)
                0x00000054                __dtors_end = .
 SORT(*)(.ctors)
 SORT(*)(.dtors)
 *(.init0)
 .init0         0x00000054        0x0 e:/courses and certificates/imt/tools/sdk/imt_sdk_win_64/winavr/bin/../lib/gcc/avr/4.3.3/../../../../avr/lib/avr5/crtm32.o
                0x00000054                __init
 *(.init0)
 *(.init1)
 *(.init1)
 *(.init2)
 .init2         0x00000054        0xc e:/courses and certificates/imt/tools/sdk/imt_sdk_win_64/winavr/bin/../lib/gcc/avr/4.3.3/../../../../avr/lib/avr5/crtm32.o
 *(.init2)
 *(.init3)
 *(.init3)
 *(.init4)
 .init4         0x00000060       0x10 e:/courses and certificates/imt/tools/sdk/imt_sdk_win_64/winavr/bin/../lib/gcc/avr/4.3.3/avr5\libgcc.a(_clear_bss.o)
                0x00000060                __do_clear_bss
 *(.init4)
 *(.init5)
 *(.init5)
 *(.init6)
 *(.init6)
 *(.init7)
 *(.init7)
 *(.init8)
 *(.init8)
 *(.init9)
 .init9         0x00000070        0x8 e:/courses and certificates/imt/tools/sdk/imt_sdk_win_64/winavr/bin/../lib/gcc/avr/4.3.3/../../../../avr/lib/avr5/crtm32.o
 *(.init9)
 *(.text)
 .text          0x00000078        0x4 e:/courses and certificates/imt/tools/sdk/imt_sdk_win_64/winavr/bin/../lib/gcc/avr/4.3.3/../../../../avr/lib/avr5/crtm32.o
                0x00000078                __vector_1
                0x00000078                __bad_interrupt
                0x00000078                __vector_6
                0x00000078                __vector_3
                0x00000078                __vector_11
                0x00000078                __vector_17
                0x00000078                __vector_19
                0x00000078                __vector_7
                0x00000078                __vector_5
                0x00000078                __vector_4
                0x00000078                __vector_9
                0x00000078                __vector_2
                0x00000078                __vector_8
                0x00000078                __vector_10
                0x00000078                __vector_16
                0x00000078                __vector_18
                0x00000078                __vector_20
 .text          0x0000007c        0x0 ./MCAL/UART/UART.o
 .text          0x0000007c        0x0 ./MCAL/SPI/SPI.o
 .text          0x0000007c        0x0 ./MCAL/DIO/DIO_DRIVER.o
 .text          0x0000007c        0x0 ./APP/APP_2.o
 .text          0x0000007c        0x0 ./main.o
 .text          0x0000007c        0x0 e:/courses and certificates/imt/tools/sdk/imt_sdk_win_64/winavr/bin/../lib/gcc/avr/4.3.3/avr5\libgcc.a(_exit.o)
 .text          0x0000007c        0x0 e:/courses and certificates/imt/tools/sdk/imt_sdk_win_64/winavr/bin/../lib/gcc/avr/4.3.3/avr5\libgcc.a(_clear_bss.o)
                0x0000007c                . = ALIGN (0x2)
 *(.text.*)
 .text.UART_Init
                0x0000007c       0xf6 ./MCAL/UART/UART.o
                0x0000007c                UART_Init
 .text.UART_FlushReceiveBuffer
                0x00000172       0x24 ./MCAL/UART/UART.o
                0x00000172                UART_FlushReceiveBuffer
 .text.UART_TransmitChar
                0x00000196       0x58 ./MCAL/UART/UART.o
                0x00000196                UART_TransmitChar
 .text.UART_ReceiveChar
                0x000001ee       0x52 ./MCAL/UART/UART.o
                0x000001ee                UART_ReceiveChar
 .text.UART_TransmitString
                0x00000240       0x68 ./MCAL/UART/UART.o
                0x00000240                UART_TransmitString
 .text.UART_ReceiveString
                0x000002a8       0x6a ./MCAL/UART/UART.o
                0x000002a8                UART_ReceiveString
 .text.UART_EnableInterrupt
                0x00000312       0xa2 ./MCAL/UART/UART.o
                0x00000312                UART_EnableInterrupt
 .text.UART_DisableInterrupt
                0x000003b4       0x94 ./MCAL/UART/UART.o
                0x000003b4                UART_DisableInterrupt
 .text.UART_Set_RX_CompleteCallback
                0x00000448       0x3e ./MCAL/UART/UART.o
                0x00000448                UART_Set_RX_CompleteCallback
 .text.UART_UDRE_Empty_CompleteCallback
                0x00000486       0x3e ./MCAL/UART/UART.o
                0x00000486                UART_UDRE_Empty_CompleteCallback
 .text.UART_Set_TX_CompleteCallback
                0x000004c4       0x3e ./MCAL/UART/UART.o
                0x000004c4                UART_Set_TX_CompleteCallback
 .text.__vector_13
                0x00000502       0x66 ./MCAL/UART/UART.o
                0x00000502                __vector_13
 .text.__vector_14
                0x00000568       0x66 ./MCAL/UART/UART.o
                0x00000568                __vector_14
 .text.__vector_15
                0x000005ce       0x66 ./MCAL/UART/UART.o
                0x000005ce                __vector_15
 .text.SPI_Init
                0x00000634       0xc4 ./MCAL/SPI/SPI.o
                0x00000634                SPI_Init
 .text.SPI_TransmitChar
                0x000006f8       0x78 ./MCAL/SPI/SPI.o
                0x000006f8                SPI_TransmitChar
 .text.SPI_ReceiveChar
                0x00000770       0x56 ./MCAL/SPI/SPI.o
                0x00000770                SPI_ReceiveChar
 .text.SPI_DataExchange
                0x000007c6       0x52 ./MCAL/SPI/SPI.o
                0x000007c6                SPI_DataExchange
 .text.SPI_TransmitString
                0x00000818       0x88 ./MCAL/SPI/SPI.o
                0x00000818                SPI_TransmitString
 .text.SPI_ReceiveString
                0x000008a0       0x80 ./MCAL/SPI/SPI.o
                0x000008a0                SPI_ReceiveString
 .text.SPI_EnableInterrupt
                0x00000920       0x3a ./MCAL/SPI/SPI.o
                0x00000920                SPI_EnableInterrupt
 .text.SPI_DisableInterrupt
                0x0000095a       0x2c ./MCAL/SPI/SPI.o
                0x0000095a                SPI_DisableInterrupt
 .text.SPI_Set_TX_CompleteCallback
                0x00000986       0x38 ./MCAL/SPI/SPI.o
                0x00000986                SPI_Set_TX_CompleteCallback
 .text.__vector_12
                0x000009be       0x66 ./MCAL/SPI/SPI.o
                0x000009be                __vector_12
 .text.DIO_PortInit
                0x00000a24       0xac ./MCAL/DIO/DIO_DRIVER.o
                0x00000a24                DIO_PortInit
 .text.DIO_PinInit
                0x00000ad0      0x230 ./MCAL/DIO/DIO_DRIVER.o
                0x00000ad0                DIO_PinInit
 .text.DIO_PinEnablePullUp
                0x00000d00      0x164 ./MCAL/DIO/DIO_DRIVER.o
                0x00000d00                DIO_PinEnablePullUp
 .text.DIO_SetPortVal
                0x00000e64       0x9e ./MCAL/DIO/DIO_DRIVER.o
                0x00000e64                DIO_SetPortVal
 .text.DIO_ClrPortVal
                0x00000f02       0xe0 ./MCAL/DIO/DIO_DRIVER.o
                0x00000f02                DIO_ClrPortVal
 .text.DIO_SetPinVal
                0x00000fe2      0x45a ./MCAL/DIO/DIO_DRIVER.o
                0x00000fe2                DIO_SetPinVal
 .text.DIO_GetPortVal
                0x0000143c       0x9a ./MCAL/DIO/DIO_DRIVER.o
                0x0000143c                DIO_GetPortVal
 .text.DIO_GetPinVal
                0x000014d6      0x170 ./MCAL/DIO/DIO_DRIVER.o
                0x000014d6                DIO_GetPinVal
 .text.DIO_TogPortVal
                0x00001646      0x100 ./MCAL/DIO/DIO_DRIVER.o
                0x00001646                DIO_TogPortVal
 .text.DIO_TogPinVal
                0x00001746      0x236 ./MCAL/DIO/DIO_DRIVER.o
                0x00001746                DIO_TogPinVal
 .text.APP2_Init
                0x0000197c       0x1a ./APP/APP_2.o
                0x0000197c                APP2_Init
 .text.APP2_Start
                0x00001996       0x30 ./APP/APP_2.o
                0x00001996                APP2_Start
 .text.main     0x000019c6       0x12 ./main.o
                0x000019c6                main
 .text.libgcc   0x000019d8        0x0 e:/courses and certificates/imt/tools/sdk/imt_sdk_win_64/winavr/bin/../lib/gcc/avr/4.3.3/avr5\libgcc.a(_exit.o)
 .text.libgcc   0x000019d8        0x0 e:/courses and certificates/imt/tools/sdk/imt_sdk_win_64/winavr/bin/../lib/gcc/avr/4.3.3/avr5\libgcc.a(_clear_bss.o)
                0x000019d8                . = ALIGN (0x2)
 *(.fini9)
 .fini9         0x000019d8        0x0 e:/courses and certificates/imt/tools/sdk/imt_sdk_win_64/winavr/bin/../lib/gcc/avr/4.3.3/avr5\libgcc.a(_exit.o)
                0x000019d8                exit
                0x000019d8                _exit
 *(.fini9)
 *(.fini8)
 *(.fini8)
 *(.fini7)
 *(.fini7)
 *(.fini6)
 *(.fini6)
 *(.fini5)
 *(.fini5)
 *(.fini4)
 *(.fini4)
 *(.fini3)
 *(.fini3)
 *(.fini2)
 *(.fini2)
 *(.fini1)
 *(.fini1)
 *(.fini0)
 .fini0         0x000019d8        0x4 e:/courses and certificates/imt/tools/sdk/imt_sdk_win_64/winavr/bin/../lib/gcc/avr/4.3.3/avr5\libgcc.a(_exit.o)
 *(.fini0)
                0x000019dc                _etext = .

.data           0x00800060        0x0 load address 0x000019dc
                0x00800060                PROVIDE (__data_start, .)
 *(.data)
 .data          0x00800060        0x0 e:/courses and certificates/imt/tools/sdk/imt_sdk_win_64/winavr/bin/../lib/gcc/avr/4.3.3/../../../../avr/lib/avr5/crtm32.o
 .data          0x00800060        0x0 ./MCAL/UART/UART.o
 .data          0x00800060        0x0 ./MCAL/SPI/SPI.o
 .data          0x00800060        0x0 ./MCAL/DIO/DIO_DRIVER.o
 .data          0x00800060        0x0 ./APP/APP_2.o
 .data          0x00800060        0x0 ./main.o
 .data          0x00800060        0x0 e:/courses and certificates/imt/tools/sdk/imt_sdk_win_64/winavr/bin/../lib/gcc/avr/4.3.3/avr5\libgcc.a(_exit.o)
 .data          0x00800060        0x0 e:/courses and certificates/imt/tools/sdk/imt_sdk_win_64/winavr/bin/../lib/gcc/avr/4.3.3/avr5\libgcc.a(_clear_bss.o)
 *(.data*)
 *(.rodata)
 *(.rodata*)
 *(.gnu.linkonce.d*)
                0x00800060                . = ALIGN (0x2)
                0x00800060                _edata = .
                0x00800060                PROVIDE (__data_end, .)

.bss            0x00800060      0x107
                0x00800060                PROVIDE (__bss_start, .)
 *(.bss)
 .bss           0x00800060        0x0 e:/courses and certificates/imt/tools/sdk/imt_sdk_win_64/winavr/bin/../lib/gcc/avr/4.3.3/../../../../avr/lib/avr5/crtm32.o
 .bss           0x00800060        0x0 ./MCAL/UART/UART.o
 .bss           0x00800060        0x0 ./MCAL/SPI/SPI.o
 .bss           0x00800060        0x0 ./MCAL/DIO/DIO_DRIVER.o
 .bss           0x00800060        0x0 ./APP/APP_2.o
 .bss           0x00800060        0x0 ./main.o
 .bss           0x00800060        0x0 e:/courses and certificates/imt/tools/sdk/imt_sdk_win_64/winavr/bin/../lib/gcc/avr/4.3.3/avr5\libgcc.a(_exit.o)
 .bss           0x00800060        0x0 e:/courses and certificates/imt/tools/sdk/imt_sdk_win_64/winavr/bin/../lib/gcc/avr/4.3.3/avr5\libgcc.a(_clear_bss.o)
 *(.bss*)
 .bss.UART_RX_Complete_callback
                0x00800060        0x2 ./MCAL/UART/UART.o
 .bss.UART_UDRE_Empty_callback
                0x00800062        0x2 ./MCAL/UART/UART.o
 .bss.UART_TX_Complete_callback
                0x00800064        0x2 ./MCAL/UART/UART.o
 .bss.SPI_TX_Complete_callback
                0x00800066        0x2 ./MCAL/SPI/SPI.o
 *(COMMON)
 COMMON         0x00800068       0xff ./APP/APP_2.o
                0x00800068                character
                0x00800167                PROVIDE (__bss_end, .)
                0x000019dc                __data_load_start = LOADADDR (.data)
                0x000019dc                __data_load_end = (__data_load_start + SIZEOF (.data))

.noinit         0x00800167        0x0
                0x00800167                PROVIDE (__noinit_start, .)
 *(.noinit*)
                0x00800167                PROVIDE (__noinit_end, .)
                0x00800167                _end = .
                0x00800167                PROVIDE (__heap_start, .)

.eeprom         0x00810000        0x0
 *(.eeprom*)
                0x00810000                __eeprom_end = .

.fuse
 *(.fuse)
 *(.lfuse)
 *(.hfuse)
 *(.efuse)

.lock
 *(.lock*)

.signature
 *(.signature*)

.stab           0x00000000     0x2568
 *(.stab)
 .stab          0x00000000      0xaec ./MCAL/UART/UART.o
 .stab          0x00000aec      0x948 ./MCAL/SPI/SPI.o
                                0x954 (size before relaxing)
 .stab          0x00001434      0xcf0 ./MCAL/DIO/DIO_DRIVER.o
                                0xcfc (size before relaxing)
 .stab          0x00002124      0x24c ./APP/APP_2.o
                                0x258 (size before relaxing)
 .stab          0x00002370      0x1f8 ./main.o
                                0x204 (size before relaxing)

.stabstr        0x00000000      0xc1f
 *(.stabstr)
 .stabstr       0x00000000      0xc1f ./MCAL/UART/UART.o

.stab.excl
 *(.stab.excl)

.stab.exclstr
 *(.stab.exclstr)

.stab.index
 *(.stab.index)

.stab.indexstr
 *(.stab.indexstr)

.comment
 *(.comment)

.debug
 *(.debug)

.line
 *(.line)

.debug_srcinfo
 *(.debug_srcinfo)

.debug_sfnames
 *(.debug_sfnames)

.debug_aranges
 *(.debug_aranges)

.debug_pubnames
 *(.debug_pubnames)

.debug_info
 *(.debug_info)
 *(.gnu.linkonce.wi.*)

.debug_abbrev
 *(.debug_abbrev)

.debug_line
 *(.debug_line)

.debug_frame
 *(.debug_frame)

.debug_str
 *(.debug_str)

.debug_loc
 *(.debug_loc)

.debug_macinfo
 *(.debug_macinfo)
OUTPUT(DesignImplementDriverForSPI_3.elf elf32-avr)
LOAD linker stubs
