###############################################################################
#
# IAR ELF Linker V9.10.2.313/W64 for ARM                  28/Sep/2021  19:15:59
# Copyright 2007-2021 IAR Systems AB.
#
#    Output file  =
#        E:\Repos\Sprints\SprintW9\ARM_Master_Class\CPU_Driver_And_Common_Folder\Debug\Exe\CPU_Driver.out
#    Map file     =
#        E:\Repos\Sprints\SprintW9\ARM_Master_Class\CPU_Driver_And_Common_Folder\Debug\List\CPU_Driver.map
#    Command line =
#        -f
#        E:\Repos\Sprints\SprintW9\ARM_Master_Class\CPU_Driver_And_Common_Folder\Debug\Exe\CPU_Driver.out.rsp
#        (E:\Repos\Sprints\SprintW9\ARM_Master_Class\CPU_Driver_And_Common_Folder\Debug\Obj\CPU\CPU.o
#        E:\Repos\Sprints\SprintW9\ARM_Master_Class\CPU_Driver_And_Common_Folder\Debug\Obj\main.o
#        --no_out_extension -o
#        E:\Repos\Sprints\SprintW9\ARM_Master_Class\CPU_Driver_And_Common_Folder\Debug\Exe\CPU_Driver.out
#        --redirect _Printf=_PrintfFullNoMb --redirect _Scanf=_ScanfFullNoMb
#        --map
#        E:\Repos\Sprints\SprintW9\ARM_Master_Class\CPU_Driver_And_Common_Folder\Debug\List\CPU_Driver.map
#        --config "E:\New folder\IAR Systems\Embedded Workbench
#        9.0\arm\config\linker\TexasInstruments\TM4C123GH6.icf" --semihosting
#        --entry __iar_program_start --vfe --text_out locale)
#
###############################################################################

*******************************************************************************
*** RUNTIME MODEL ATTRIBUTES
***

CppFlavor       = *
__SystemLibrary = DLib
__dlib_version  = 6


*******************************************************************************
*** HEAP SELECTION
***

The basic heap was selected because some modules are built with
size limitations (and not runtime checking), and --advanced_heap
was not specified.


*******************************************************************************
*** PLACEMENT SUMMARY
***

"A0":  place at address 0x0 { ro section .intvec };
"P1":  place in [from 0x0 to 0x3'ffff] { ro };
define block CSTACK with size = 4K, alignment = 8 { };
define block HEAP with size = 8K, alignment = 8 { };
"P2":  place in [from 0x2000'0000 to 0x2000'7fff] {
          rw, block CSTACK, block HEAP };

  Section          Kind         Address    Size  Object
  -------          ----         -------    ----  ------
"A0":                                      0x40
  .intvec          ro code          0x0    0x40  vector_table_M.o [4]
                                 - 0x40    0x40

"P1":                                     0x12c
  .text            ro code         0x40    0x4c  CPU.o [2]
  .text            ro code         0x8c    0x38  zero_init3.o [4]
  .text            ro code         0xc4    0x28  data_init.o [4]
  .iar.init_table  const           0xec    0x10  - Linker created -
  .text            ro code         0xfc    0x1e  cmain.o [4]
  .text            ro code        0x11a     0x4  low_level_init.o [3]
  .text            ro code        0x11e     0xe  main.o [1]
  .text            ro code        0x12c     0x4  exit.o [3]
  .text            ro code        0x130     0xa  cexit.o [4]
  .text            ro code        0x13a     0x2  vectortrap_M.o [4]
  .text            ro code        0x13c    0x14  exit.o [5]
  .text            ro code        0x150    0x1c  cstartup_M.o [4]
  .rodata          const          0x16c     0x0  zero_init3.o [4]
                                - 0x16c   0x12c

"P2", part 1 of 2:                          0x4
  .bss             zero     0x2000'0000     0x1  CPU.o [2]
                          - 0x2000'0001     0x1

"P2", part 2 of 2:                       0x1000
  CSTACK                    0x2000'0008  0x1000  <Block>
    CSTACK         uninit   0x2000'0008  0x1000  <Block tail>
                          - 0x2000'1008  0x1000

Unused ranges:

         From           To      Size
         ----           --      ----
        0x16c     0x3'ffff  0x3'fe94
  0x2000'0004  0x2000'0007       0x4
  0x2000'1008  0x2000'7fff    0x6ff8


*******************************************************************************
*** INIT TABLE
***

          Address      Size
          -------      ----
Zero (__iar_zero_init3)
    1 destination range, total size 0x1:
          0x2000'0000   0x1



*******************************************************************************
*** MODULE SUMMARY
***

    Module            ro code  ro data  rw data
    ------            -------  -------  -------
command line/config:
    -------------------------------------------
    Total:

E:\Repos\Sprints\SprintW9\ARM_Master_Class\CPU_Driver_And_Common_Folder\Debug\Obj: [1]
    main.o                 14
    -------------------------------------------
    Total:                 14

E:\Repos\Sprints\SprintW9\ARM_Master_Class\CPU_Driver_And_Common_Folder\Debug\Obj\CPU: [2]
    CPU.o                  76                 1
    -------------------------------------------
    Total:                 76                 1

dl7M_tln.a: [3]
    exit.o                  4
    low_level_init.o        4
    -------------------------------------------
    Total:                  8

rt7M_tl.a: [4]
    cexit.o                10
    cmain.o                30
    cstartup_M.o           28
    data_init.o            40
    vector_table_M.o       64
    vectortrap_M.o          2
    zero_init3.o           56
    -------------------------------------------
    Total:                230

shb_l.a: [5]
    exit.o                 20
    -------------------------------------------
    Total:                 20

    Linker created                  16    4'096
-----------------------------------------------
    Grand Total:          348       16    4'097


*******************************************************************************
*** ENTRY LIST
***

Entry                       Address  Size  Type      Object
-----                       -------  ----  ----      ------
.iar.init_table$$Base          0xec         --   Gb  - Linker created -
.iar.init_table$$Limit         0xfc         --   Gb  - Linker created -
?main                          0xfd        Code  Gb  cmain.o [4]
BusFault_Handler              0x13b        Code  Wk  vectortrap_M.o [4]
CPU_Mode                0x2000'0000   0x1  Data  Lc  CPU.o [2]
CPU_SwitchToPrivilegedMode
                               0x71   0xa  Code  Gb  CPU.o [2]
CPU_SwitchToUserMode           0x7d   0xa  Code  Gb  CPU.o [2]
CSTACK$$Base            0x2000'0008         --   Gb  - Linker created -
CSTACK$$Limit           0x2000'1008         --   Gb  - Linker created -
DebugMon_Handler              0x13b        Code  Wk  vectortrap_M.o [4]
HardFault_Handler             0x13b        Code  Wk  vectortrap_M.o [4]
MemManage_Handler             0x13b        Code  Wk  vectortrap_M.o [4]
NMI_Handler                   0x13b        Code  Wk  vectortrap_M.o [4]
PendSV_Handler                0x13b        Code  Wk  vectortrap_M.o [4]
Region$$Table$$Base            0xec         --   Gb  - Linker created -
Region$$Table$$Limit           0xfc         --   Gb  - Linker created -
SVC_Handler                    0x41  0x30  Code  Gb  CPU.o [2]
SysTick_Handler               0x13b        Code  Wk  vectortrap_M.o [4]
UsageFault_Handler            0x13b        Code  Wk  vectortrap_M.o [4]
__cmain                        0xfd        Code  Gb  cmain.o [4]
__exit                        0x13d  0x14  Code  Gb  exit.o [5]
__iar_data_init3               0xc5  0x28  Code  Gb  data_init.o [4]
__iar_program_start           0x151        Code  Gb  cstartup_M.o [4]
__iar_zero_init3               0x8d  0x38  Code  Gb  zero_init3.o [4]
__low_level_init              0x11b   0x4  Code  Gb  low_level_init.o [3]
__vector_table                  0x0        Data  Gb  vector_table_M.o [4]
_call_main                    0x109        Code  Gb  cmain.o [4]
_exit                         0x131        Code  Gb  cexit.o [4]
exit                          0x12d   0x4  Code  Gb  exit.o [3]
main                          0x11f   0xe  Code  Gb  main.o [1]


[1] = E:\Repos\Sprints\SprintW9\ARM_Master_Class\CPU_Driver_And_Common_Folder\Debug\Obj
[2] = E:\Repos\Sprints\SprintW9\ARM_Master_Class\CPU_Driver_And_Common_Folder\Debug\Obj\CPU
[3] = dl7M_tln.a
[4] = rt7M_tl.a
[5] = shb_l.a

    348 bytes of readonly  code memory
     16 bytes of readonly  data memory
  4'097 bytes of readwrite data memory

Errors: none
Warnings: none
