###############################################################################
#
# IAR ELF Linker V9.10.2.313/W64 for ARM                  02/Oct/2021  22:23:51
# Copyright 2007-2021 IAR Systems AB.
#
#    Output file  =
#        E:\Repos\Sprints\SprintW9\ARM_Master_Class\MCU_DriverResetAndClockControl\Debug\Exe\MCU.out
#    Map file     =
#        E:\Repos\Sprints\SprintW9\ARM_Master_Class\MCU_DriverResetAndClockControl\Debug\List\MCU.map
#    Command line =
#        -f
#        E:\Repos\Sprints\SprintW9\ARM_Master_Class\MCU_DriverResetAndClockControl\Debug\Exe\MCU.out.rsp
#        (E:\Repos\Sprints\SprintW9\ARM_Master_Class\MCU_DriverResetAndClockControl\Debug\Obj\CPU\CPU.o
#        E:\Repos\Sprints\SprintW9\ARM_Master_Class\MCU_DriverResetAndClockControl\Debug\Obj\main.o
#        E:\Repos\Sprints\SprintW9\ARM_Master_Class\MCU_DriverResetAndClockControl\Debug\Obj\MCU\MCU.o
#        --no_out_extension -o
#        E:\Repos\Sprints\SprintW9\ARM_Master_Class\MCU_DriverResetAndClockControl\Debug\Exe\MCU.out
#        --redirect _Printf=_PrintfFullNoMb --redirect _Scanf=_ScanfFullNoMb
#        --map
#        E:\Repos\Sprints\SprintW9\ARM_Master_Class\MCU_DriverResetAndClockControl\Debug\List\MCU.map
#        --config "E:\New folder\IAR Systems\Embedded Workbench
#        9.0\arm\config\linker\TexasInstruments\TM4C123GH6.icf" --semihosting
#        --entry __iar_program_start --vfe --text_out locale)
#
###############################################################################

*******************************************************************************
*** RUNTIME MODEL ATTRIBUTES
***

CppFlavor       = *
__SystemLibrary = DLib
__dlib_version  = 6


*******************************************************************************
*** HEAP SELECTION
***

The basic heap was selected because some modules are built with
size limitations (and not runtime checking), and --advanced_heap
was not specified.


*******************************************************************************
*** PLACEMENT SUMMARY
***

"A0":  place at address 0x0 { ro section .intvec };
"P1":  place in [from 0x0 to 0x3'ffff] { ro };
define block CSTACK with size = 4K, alignment = 8 { };
define block HEAP with size = 8K, alignment = 8 { };
"P2":  place in [from 0x2000'0000 to 0x2000'7fff] {
          rw, block CSTACK, block HEAP };

  Section          Kind         Address    Size  Object
  -------          ----         -------    ----  ------
"A0":                                      0x40
  .intvec          ro code          0x0    0x40  vector_table_M.o [5]
                                 - 0x40    0x40

"P1":                                     0x1ec
  .text            ro code         0x40    0xa8  MCU.o [3]
  .text            ro code         0xe8    0x38  main.o [1]
  .text            ro code        0x120    0x38  zero_init3.o [5]
  .text            ro code        0x158    0x34  CPU.o [2]
  .text            ro code        0x18c    0x28  data_init.o [5]
  .iar.init_table  const          0x1b4    0x10  - Linker created -
  .text            ro code        0x1c4    0x1e  cmain.o [5]
  .text            ro code        0x1e2     0x4  low_level_init.o [4]
  .text            ro code        0x1e6     0x4  exit.o [4]
  .text            ro code        0x1ea     0x2  vectortrap_M.o [5]
  .text            ro code        0x1ec     0xa  cexit.o [5]
  .rodata          const          0x1f6     0x1  main.o [1]
  .text            ro code        0x1f8    0x14  exit.o [6]
  .text            ro code        0x20c    0x1c  cstartup_M.o [5]
  .rodata          const          0x228     0x4  main.o [1]
  .rodata          const          0x22c     0x0  zero_init3.o [5]
                                - 0x22c   0x1ec

"P2", part 1 of 2:                          0xc
  .bss             zero     0x2000'0000     0x4  MCU.o [3]
  .bss             zero     0x2000'0004     0x4  MCU.o [3]
  .bss             zero     0x2000'0008     0x1  CPU.o [2]
                          - 0x2000'0009     0x9

"P2", part 2 of 2:                       0x1000
  CSTACK                    0x2000'0010  0x1000  <Block>
    CSTACK         uninit   0x2000'0010  0x1000  <Block tail>
                          - 0x2000'1010  0x1000

Unused ranges:

         From           To      Size
         ----           --      ----
        0x22c     0x3'ffff  0x3'fdd4
  0x2000'000c  0x2000'000f       0x4
  0x2000'1010  0x2000'7fff    0x6ff0


*******************************************************************************
*** INIT TABLE
***

          Address      Size
          -------      ----
Zero (__iar_zero_init3)
    1 destination range, total size 0x9:
          0x2000'0000   0x9



*******************************************************************************
*** MODULE SUMMARY
***

    Module            ro code  ro data  rw data
    ------            -------  -------  -------
command line/config:
    -------------------------------------------
    Total:

E:\Repos\Sprints\SprintW9\ARM_Master_Class\MCU_DriverResetAndClockControl\Debug\Obj: [1]
    main.o                 56        5
    -------------------------------------------
    Total:                 56        5

E:\Repos\Sprints\SprintW9\ARM_Master_Class\MCU_DriverResetAndClockControl\Debug\Obj\CPU: [2]
    CPU.o                  52                 1
    -------------------------------------------
    Total:                 52                 1

E:\Repos\Sprints\SprintW9\ARM_Master_Class\MCU_DriverResetAndClockControl\Debug\Obj\MCU: [3]
    MCU.o                 168                 8
    -------------------------------------------
    Total:                168                 8

dl7M_tln.a: [4]
    exit.o                  4
    low_level_init.o        4
    -------------------------------------------
    Total:                  8

rt7M_tl.a: [5]
    cexit.o                10
    cmain.o                30
    cstartup_M.o           28
    data_init.o            40
    vector_table_M.o       64
    vectortrap_M.o          2
    zero_init3.o           56
    -------------------------------------------
    Total:                230

shb_l.a: [6]
    exit.o                 20
    -------------------------------------------
    Total:                 20

    Gaps                    1
    Linker created                  16    4'096
-----------------------------------------------
    Grand Total:          535       21    4'105


*******************************************************************************
*** ENTRY LIST
***

Entry                       Address  Size  Type      Object
-----                       -------  ----  ----      ------
.iar.init_table$$Base         0x1b4         --   Gb  - Linker created -
.iar.init_table$$Limit        0x1c4         --   Gb  - Linker created -
?main                         0x1c5        Code  Gb  cmain.o [5]
BusFault_Handler              0x1eb        Code  Wk  vectortrap_M.o [5]
CPU_Mode                0x2000'0008   0x1  Data  Lc  CPU.o [2]
CSTACK$$Base            0x2000'0010         --   Gb  - Linker created -
CSTACK$$Limit           0x2000'1010         --   Gb  - Linker created -
ClkCfgArr               0x2000'0004   0x4  Data  Lc  MCU.o [3]
DebugMon_Handler              0x1eb        Code  Wk  vectortrap_M.o [5]
GatesArr                0x2000'0000   0x4  Data  Lc  MCU.o [3]
HardFault_Handler             0x1eb        Code  Wk  vectortrap_M.o [5]
MCU_ActivateClockGates         0x97  0x3c  Code  Lc  MCU.o [3]
MCU_Init                       0x41   0xa  Code  Gb  MCU.o [3]
MCU_InitClock                  0x4b  0x4c  Code  Gb  MCU.o [3]
MemManage_Handler             0x1eb        Code  Wk  vectortrap_M.o [5]
NMI_Handler                   0x1eb        Code  Wk  vectortrap_M.o [5]
PendSV_Handler                0x1eb        Code  Wk  vectortrap_M.o [5]
Region$$Table$$Base           0x1b4         --   Gb  - Linker created -
Region$$Table$$Limit          0x1c4         --   Gb  - Linker created -
SVC_Handler                   0x159  0x30  Code  Gb  CPU.o [2]
SysTick_Handler               0x1eb        Code  Wk  vectortrap_M.o [5]
UsageFault_Handler            0x1eb        Code  Wk  vectortrap_M.o [5]
__cmain                       0x1c5        Code  Gb  cmain.o [5]
__exit                        0x1f9  0x14  Code  Gb  exit.o [6]
__iar_data_init3              0x18d  0x28  Code  Gb  data_init.o [5]
__iar_program_start           0x20d        Code  Gb  cstartup_M.o [5]
__iar_zero_init3              0x121  0x38  Code  Gb  zero_init3.o [5]
__low_level_init              0x1e3   0x4  Code  Gb  low_level_init.o [4]
__vector_table                  0x0        Data  Gb  vector_table_M.o [5]
_call_main                    0x1d1        Code  Gb  cmain.o [5]
_exit                         0x1ed        Code  Gb  cexit.o [5]
exit                          0x1e7   0x4  Code  Gb  exit.o [4]
main                           0xe9  0x38  Code  Gb  main.o [1]


[1] = E:\Repos\Sprints\SprintW9\ARM_Master_Class\MCU_DriverResetAndClockControl\Debug\Obj
[2] = E:\Repos\Sprints\SprintW9\ARM_Master_Class\MCU_DriverResetAndClockControl\Debug\Obj\CPU
[3] = E:\Repos\Sprints\SprintW9\ARM_Master_Class\MCU_DriverResetAndClockControl\Debug\Obj\MCU
[4] = dl7M_tln.a
[5] = rt7M_tl.a
[6] = shb_l.a

    535 bytes of readonly  code memory
     21 bytes of readonly  data memory
  4'105 bytes of readwrite data memory

Errors: none
Warnings: none
