Archive member included to satisfy reference by file (symbol)

e:/new folder/atmel/7.0/toolchain/avr8/avr8-gnu-toolchain/bin/../lib/gcc/avr/5.4.0/avr5\libgcc.a(_udivmodsi4.o)
                              LIB/src/UTILS.o (__udivmodsi4)
e:/new folder/atmel/7.0/toolchain/avr8/avr8-gnu-toolchain/bin/../lib/gcc/avr/5.4.0/avr5\libgcc.a(_exit.o)
                              E:/New folder/Atmel/7.0/Packs/atmel/ATmega_DFP/1.6.364/gcc/dev/atmega32/avr5/crtatmega32.o (exit)
e:/new folder/atmel/7.0/toolchain/avr8/avr8-gnu-toolchain/bin/../lib/gcc/avr/5.4.0/avr5\libgcc.a(_clear_bss.o)
                              APP/src/APP.o (__do_clear_bss)

Discarded input sections

 .data          0x00000000        0x0 E:/New folder/Atmel/7.0/Packs/atmel/ATmega_DFP/1.6.364/gcc/dev/atmega32/avr5/crtatmega32.o
 .bss           0x00000000        0x0 E:/New folder/Atmel/7.0/Packs/atmel/ATmega_DFP/1.6.364/gcc/dev/atmega32/avr5/crtatmega32.o
 .text          0x00000000        0x0 MCAL/DIO/src/DIO.o
 .data          0x00000000        0x0 MCAL/DIO/src/DIO.o
 .bss           0x00000000        0x0 MCAL/DIO/src/DIO.o
 .text.DIO_PortInit
                0x00000000       0x46 MCAL/DIO/src/DIO.o
 .text.DIO_SetPortVal
                0x00000000       0x3a MCAL/DIO/src/DIO.o
 .text.DIO_SetPinVal
                0x00000000      0x20e MCAL/DIO/src/DIO.o
 .text.DIO_GetPortVal
                0x00000000       0x4a MCAL/DIO/src/DIO.o
 .text.DIO_TogPortVal
                0x00000000       0x72 MCAL/DIO/src/DIO.o
 .text          0x00000000        0x0 HAL/LED/src/LED.o
 .data          0x00000000        0x0 HAL/LED/src/LED.o
 .bss           0x00000000        0x0 HAL/LED/src/LED.o
 .text          0x00000000        0x0 HAL/PUSHBUTTON/src/PUSHBUTTON.o
 .data          0x00000000        0x0 HAL/PUSHBUTTON/src/PUSHBUTTON.o
 .bss           0x00000000        0x0 HAL/PUSHBUTTON/src/PUSHBUTTON.o
 .text          0x00000000        0x0 LIB/src/UTILS.o
 .data          0x00000000        0x0 LIB/src/UTILS.o
 .bss           0x00000000        0x0 LIB/src/UTILS.o
 .text.dummy_delay
                0x00000000       0x54 LIB/src/UTILS.o
 .text.StringCompare
                0x00000000       0x42 LIB/src/UTILS.o
 .text.STR_Length
                0x00000000       0x26 LIB/src/UTILS.o
 .text.STR_CharIsNumeric
                0x00000000       0x16 LIB/src/UTILS.o
 .text.STR_StringIsNumeric
                0x00000000       0x54 LIB/src/UTILS.o
 .text.STR_CompareString
                0x00000000       0x40 LIB/src/UTILS.o
 .text.STR_String2Number
                0x00000000       0x80 LIB/src/UTILS.o
 .text.STR_StringReverse
                0x00000000       0x26 LIB/src/UTILS.o
 .text.STR_Number2String
                0x00000000       0x56 LIB/src/UTILS.o
 .text.CRC_16_Calc
                0x00000000      0x358 LIB/src/UTILS.o
 .text.CRC_16_Chk
                0x00000000      0x314 LIB/src/UTILS.o
 .debug_info    0x00000000      0x580 LIB/src/UTILS.o
 .debug_abbrev  0x00000000      0x1ad LIB/src/UTILS.o
 .debug_loc     0x00000000      0x970 LIB/src/UTILS.o
 .debug_aranges
                0x00000000       0x70 LIB/src/UTILS.o
 .debug_ranges  0x00000000       0x60 LIB/src/UTILS.o
 .debug_line    0x00000000      0x647 LIB/src/UTILS.o
 .debug_str     0x00000000      0x36a LIB/src/UTILS.o
 .comment       0x00000000       0x31 LIB/src/UTILS.o
 .debug_frame   0x00000000      0x184 LIB/src/UTILS.o
 .text          0x00000000        0x0 APP/src/APP.o
 .data          0x00000000        0x0 APP/src/APP.o
 .bss           0x00000000        0x0 APP/src/APP.o
 .text          0x00000000        0x0 main.o
 .data          0x00000000        0x0 main.o
 .bss           0x00000000        0x0 main.o
 .text          0x00000000        0x0 e:/new folder/atmel/7.0/toolchain/avr8/avr8-gnu-toolchain/bin/../lib/gcc/avr/5.4.0/avr5\libgcc.a(_udivmodsi4.o)
 .data          0x00000000        0x0 e:/new folder/atmel/7.0/toolchain/avr8/avr8-gnu-toolchain/bin/../lib/gcc/avr/5.4.0/avr5\libgcc.a(_udivmodsi4.o)
 .bss           0x00000000        0x0 e:/new folder/atmel/7.0/toolchain/avr8/avr8-gnu-toolchain/bin/../lib/gcc/avr/5.4.0/avr5\libgcc.a(_udivmodsi4.o)
 .text.libgcc.mul
                0x00000000        0x0 e:/new folder/atmel/7.0/toolchain/avr8/avr8-gnu-toolchain/bin/../lib/gcc/avr/5.4.0/avr5\libgcc.a(_udivmodsi4.o)
 .text.libgcc.div
                0x00000000       0x44 e:/new folder/atmel/7.0/toolchain/avr8/avr8-gnu-toolchain/bin/../lib/gcc/avr/5.4.0/avr5\libgcc.a(_udivmodsi4.o)
 .text.libgcc   0x00000000        0x0 e:/new folder/atmel/7.0/toolchain/avr8/avr8-gnu-toolchain/bin/../lib/gcc/avr/5.4.0/avr5\libgcc.a(_udivmodsi4.o)
 .text.libgcc.prologue
                0x00000000        0x0 e:/new folder/atmel/7.0/toolchain/avr8/avr8-gnu-toolchain/bin/../lib/gcc/avr/5.4.0/avr5\libgcc.a(_udivmodsi4.o)
 .text.libgcc.builtins
                0x00000000        0x0 e:/new folder/atmel/7.0/toolchain/avr8/avr8-gnu-toolchain/bin/../lib/gcc/avr/5.4.0/avr5\libgcc.a(_udivmodsi4.o)
 .text.libgcc.fmul
                0x00000000        0x0 e:/new folder/atmel/7.0/toolchain/avr8/avr8-gnu-toolchain/bin/../lib/gcc/avr/5.4.0/avr5\libgcc.a(_udivmodsi4.o)
 .text.libgcc.fixed
                0x00000000        0x0 e:/new folder/atmel/7.0/toolchain/avr8/avr8-gnu-toolchain/bin/../lib/gcc/avr/5.4.0/avr5\libgcc.a(_udivmodsi4.o)
 .text          0x00000000        0x0 e:/new folder/atmel/7.0/toolchain/avr8/avr8-gnu-toolchain/bin/../lib/gcc/avr/5.4.0/avr5\libgcc.a(_exit.o)
 .data          0x00000000        0x0 e:/new folder/atmel/7.0/toolchain/avr8/avr8-gnu-toolchain/bin/../lib/gcc/avr/5.4.0/avr5\libgcc.a(_exit.o)
 .bss           0x00000000        0x0 e:/new folder/atmel/7.0/toolchain/avr8/avr8-gnu-toolchain/bin/../lib/gcc/avr/5.4.0/avr5\libgcc.a(_exit.o)
 .text.libgcc.mul
                0x00000000        0x0 e:/new folder/atmel/7.0/toolchain/avr8/avr8-gnu-toolchain/bin/../lib/gcc/avr/5.4.0/avr5\libgcc.a(_exit.o)
 .text.libgcc.div
                0x00000000        0x0 e:/new folder/atmel/7.0/toolchain/avr8/avr8-gnu-toolchain/bin/../lib/gcc/avr/5.4.0/avr5\libgcc.a(_exit.o)
 .text.libgcc   0x00000000        0x0 e:/new folder/atmel/7.0/toolchain/avr8/avr8-gnu-toolchain/bin/../lib/gcc/avr/5.4.0/avr5\libgcc.a(_exit.o)
 .text.libgcc.prologue
                0x00000000        0x0 e:/new folder/atmel/7.0/toolchain/avr8/avr8-gnu-toolchain/bin/../lib/gcc/avr/5.4.0/avr5\libgcc.a(_exit.o)
 .text.libgcc.builtins
                0x00000000        0x0 e:/new folder/atmel/7.0/toolchain/avr8/avr8-gnu-toolchain/bin/../lib/gcc/avr/5.4.0/avr5\libgcc.a(_exit.o)
 .text.libgcc.fmul
                0x00000000        0x0 e:/new folder/atmel/7.0/toolchain/avr8/avr8-gnu-toolchain/bin/../lib/gcc/avr/5.4.0/avr5\libgcc.a(_exit.o)
 .text.libgcc.fixed
                0x00000000        0x0 e:/new folder/atmel/7.0/toolchain/avr8/avr8-gnu-toolchain/bin/../lib/gcc/avr/5.4.0/avr5\libgcc.a(_exit.o)
 .text          0x00000000        0x0 e:/new folder/atmel/7.0/toolchain/avr8/avr8-gnu-toolchain/bin/../lib/gcc/avr/5.4.0/avr5\libgcc.a(_clear_bss.o)
 .data          0x00000000        0x0 e:/new folder/atmel/7.0/toolchain/avr8/avr8-gnu-toolchain/bin/../lib/gcc/avr/5.4.0/avr5\libgcc.a(_clear_bss.o)
 .bss           0x00000000        0x0 e:/new folder/atmel/7.0/toolchain/avr8/avr8-gnu-toolchain/bin/../lib/gcc/avr/5.4.0/avr5\libgcc.a(_clear_bss.o)
 .text.libgcc.mul
                0x00000000        0x0 e:/new folder/atmel/7.0/toolchain/avr8/avr8-gnu-toolchain/bin/../lib/gcc/avr/5.4.0/avr5\libgcc.a(_clear_bss.o)
 .text.libgcc.div
                0x00000000        0x0 e:/new folder/atmel/7.0/toolchain/avr8/avr8-gnu-toolchain/bin/../lib/gcc/avr/5.4.0/avr5\libgcc.a(_clear_bss.o)
 .text.libgcc   0x00000000        0x0 e:/new folder/atmel/7.0/toolchain/avr8/avr8-gnu-toolchain/bin/../lib/gcc/avr/5.4.0/avr5\libgcc.a(_clear_bss.o)
 .text.libgcc.prologue
                0x00000000        0x0 e:/new folder/atmel/7.0/toolchain/avr8/avr8-gnu-toolchain/bin/../lib/gcc/avr/5.4.0/avr5\libgcc.a(_clear_bss.o)
 .text.libgcc.builtins
                0x00000000        0x0 e:/new folder/atmel/7.0/toolchain/avr8/avr8-gnu-toolchain/bin/../lib/gcc/avr/5.4.0/avr5\libgcc.a(_clear_bss.o)
 .text.libgcc.fmul
                0x00000000        0x0 e:/new folder/atmel/7.0/toolchain/avr8/avr8-gnu-toolchain/bin/../lib/gcc/avr/5.4.0/avr5\libgcc.a(_clear_bss.o)
 .text.libgcc.fixed
                0x00000000        0x0 e:/new folder/atmel/7.0/toolchain/avr8/avr8-gnu-toolchain/bin/../lib/gcc/avr/5.4.0/avr5\libgcc.a(_clear_bss.o)

Memory Configuration

Name             Origin             Length             Attributes
text             0x00000000         0x00008000         xr
data             0x00800060         0x00000800         rw !x
eeprom           0x00810000         0x00000400         rw !x
fuse             0x00820000         0x00000002         rw !x
lock             0x00830000         0x00000400         rw !x
signature        0x00840000         0x00000400         rw !x
user_signatures  0x00850000         0x00000400         rw !x
*default*        0x00000000         0xffffffff

Linker script and memory map

LOAD E:/New folder/Atmel/7.0/Packs/atmel/ATmega_DFP/1.6.364/gcc/dev/atmega32/avr5/crtatmega32.o
LOAD MCAL/DIO/src/DIO.o
LOAD HAL/LED/src/LED.o
LOAD HAL/PUSHBUTTON/src/PUSHBUTTON.o
LOAD LIB/src/UTILS.o
LOAD APP/src/APP.o
LOAD main.o
START GROUP
LOAD e:/new folder/atmel/7.0/toolchain/avr8/avr8-gnu-toolchain/bin/../lib/gcc/avr/5.4.0/../../../../avr/lib/avr5\libm.a
END GROUP
START GROUP
LOAD e:/new folder/atmel/7.0/toolchain/avr8/avr8-gnu-toolchain/bin/../lib/gcc/avr/5.4.0/avr5\libgcc.a
LOAD e:/new folder/atmel/7.0/toolchain/avr8/avr8-gnu-toolchain/bin/../lib/gcc/avr/5.4.0/../../../../avr/lib/avr5\libm.a
LOAD e:/new folder/atmel/7.0/toolchain/avr8/avr8-gnu-toolchain/bin/../lib/gcc/avr/5.4.0/../../../../avr/lib/avr5\libc.a
LOAD E:/New folder/Atmel/7.0/Packs/atmel/ATmega_DFP/1.6.364/gcc/dev/atmega32/avr5\libatmega32.a
END GROUP
                0x00000000                __TEXT_REGION_ORIGIN__ = DEFINED (__TEXT_REGION_ORIGIN__)?__TEXT_REGION_ORIGIN__:0x0
                [0x00800060]                __DATA_REGION_ORIGIN__ = DEFINED (__DATA_REGION_ORIGIN__)?__DATA_REGION_ORIGIN__:0x800060
                [0x00008000]                __TEXT_REGION_LENGTH__ = DEFINED (__TEXT_REGION_LENGTH__)?__TEXT_REGION_LENGTH__:0x20000
                [0x00000800]                __DATA_REGION_LENGTH__ = DEFINED (__DATA_REGION_LENGTH__)?__DATA_REGION_LENGTH__:0xffa0
                [0x00000400]                __EEPROM_REGION_LENGTH__ = DEFINED (__EEPROM_REGION_LENGTH__)?__EEPROM_REGION_LENGTH__:0x10000
                [0x00000002]                __FUSE_REGION_LENGTH__ = DEFINED (__FUSE_REGION_LENGTH__)?__FUSE_REGION_LENGTH__:0x400
                0x00000400                __LOCK_REGION_LENGTH__ = DEFINED (__LOCK_REGION_LENGTH__)?__LOCK_REGION_LENGTH__:0x400
                0x00000400                __SIGNATURE_REGION_LENGTH__ = DEFINED (__SIGNATURE_REGION_LENGTH__)?__SIGNATURE_REGION_LENGTH__:0x400
                0x00000400                __USER_SIGNATURE_REGION_LENGTH__ = DEFINED (__USER_SIGNATURE_REGION_LENGTH__)?__USER_SIGNATURE_REGION_LENGTH__:0x400

.hash
 *(.hash)

.dynsym
 *(.dynsym)

.dynstr
 *(.dynstr)

.gnu.version
 *(.gnu.version)

.gnu.version_d
 *(.gnu.version_d)

.gnu.version_r
 *(.gnu.version_r)

.rel.init
 *(.rel.init)

.rela.init
 *(.rela.init)

.rel.text
 *(.rel.text)
 *(.rel.text.*)
 *(.rel.gnu.linkonce.t*)

.rela.text
 *(.rela.text)
 *(.rela.text.*)
 *(.rela.gnu.linkonce.t*)

.rel.fini
 *(.rel.fini)

.rela.fini
 *(.rela.fini)

.rel.rodata
 *(.rel.rodata)
 *(.rel.rodata.*)
 *(.rel.gnu.linkonce.r*)

.rela.rodata
 *(.rela.rodata)
 *(.rela.rodata.*)
 *(.rela.gnu.linkonce.r*)

.rel.data
 *(.rel.data)
 *(.rel.data.*)
 *(.rel.gnu.linkonce.d*)

.rela.data
 *(.rela.data)
 *(.rela.data.*)
 *(.rela.gnu.linkonce.d*)

.rel.ctors
 *(.rel.ctors)

.rela.ctors
 *(.rela.ctors)

.rel.dtors
 *(.rel.dtors)

.rela.dtors
 *(.rela.dtors)

.rel.got
 *(.rel.got)

.rela.got
 *(.rela.got)

.rel.bss
 *(.rel.bss)

.rela.bss
 *(.rela.bss)

.rel.plt
 *(.rel.plt)

.rela.plt
 *(.rela.plt)

.text           0x00000000      0x60a
 *(.vectors)
 .vectors       0x00000000       0x54 E:/New folder/Atmel/7.0/Packs/atmel/ATmega_DFP/1.6.364/gcc/dev/atmega32/avr5/crtatmega32.o
                0x00000000                __vector_default
                0x00000000                __vectors
 *(.vectors)
 *(.progmem.gcc*)
                0x00000054                . = ALIGN (0x2)
                0x00000054                __trampolines_start = .
 *(.trampolines)
 .trampolines   0x00000054        0x0 linker stubs
 *(.trampolines*)
                0x00000054                __trampolines_end = .
 *libprintf_flt.a:*(.progmem.data)
 *libc.a:*(.progmem.data)
 *(.progmem*)
                0x00000054                . = ALIGN (0x2)
 *(.jumptables)
 *(.jumptables*)
 *(.lowtext)
 *(.lowtext*)
                0x00000054                __ctors_start = .
 *(.ctors)
                0x00000054                __ctors_end = .
                0x00000054                __dtors_start = .
 *(.dtors)
                0x00000054                __dtors_end = .
 SORT(*)(.ctors)
 SORT(*)(.dtors)
 *(.init0)
 .init0         0x00000054        0x0 E:/New folder/Atmel/7.0/Packs/atmel/ATmega_DFP/1.6.364/gcc/dev/atmega32/avr5/crtatmega32.o
                0x00000054                __init
 *(.init0)
 *(.init1)
 *(.init1)
 *(.init2)
 .init2         0x00000054        0xc E:/New folder/Atmel/7.0/Packs/atmel/ATmega_DFP/1.6.364/gcc/dev/atmega32/avr5/crtatmega32.o
 *(.init2)
 *(.init3)
 *(.init3)
 *(.init4)
 .init4         0x00000060       0x10 e:/new folder/atmel/7.0/toolchain/avr8/avr8-gnu-toolchain/bin/../lib/gcc/avr/5.4.0/avr5\libgcc.a(_clear_bss.o)
                0x00000060                __do_clear_bss
 *(.init4)
 *(.init5)
 *(.init5)
 *(.init6)
 *(.init6)
 *(.init7)
 *(.init7)
 *(.init8)
 *(.init8)
 *(.init9)
 .init9         0x00000070        0x8 E:/New folder/Atmel/7.0/Packs/atmel/ATmega_DFP/1.6.364/gcc/dev/atmega32/avr5/crtatmega32.o
 *(.init9)
 *(.text)
 .text          0x00000078        0x4 E:/New folder/Atmel/7.0/Packs/atmel/ATmega_DFP/1.6.364/gcc/dev/atmega32/avr5/crtatmega32.o
                0x00000078                __vector_1
                0x00000078                __vector_12
                0x00000078                __bad_interrupt
                0x00000078                __vector_6
                0x00000078                __vector_3
                0x00000078                __vector_11
                0x00000078                __vector_13
                0x00000078                __vector_17
                0x00000078                __vector_19
                0x00000078                __vector_7
                0x00000078                __vector_5
                0x00000078                __vector_4
                0x00000078                __vector_9
                0x00000078                __vector_2
                0x00000078                __vector_15
                0x00000078                __vector_8
                0x00000078                __vector_14
                0x00000078                __vector_10
                0x00000078                __vector_16
                0x00000078                __vector_18
                0x00000078                __vector_20
                0x0000007c                . = ALIGN (0x2)
 *(.text.*)
 .text.DIO_PinInit
                0x0000007c      0x11c MCAL/DIO/src/DIO.o
                0x0000007c                DIO_PinInit
 .text.DIO_PinEnablePullUp
                0x00000198      0x102 MCAL/DIO/src/DIO.o
                0x00000198                DIO_PinEnablePullUp
 .text.DIO_GetPinVal
                0x0000029a       0xe8 MCAL/DIO/src/DIO.o
                0x0000029a                DIO_GetPinVal
 .text.DIO_TogPinVal
                0x00000382      0x102 MCAL/DIO/src/DIO.o
                0x00000382                DIO_TogPinVal
 .text.LED_Init
                0x00000484        0x8 HAL/LED/src/LED.o
                0x00000484                LED_Init
 .text.LED_Toggle
                0x0000048c        0x6 HAL/LED/src/LED.o
                0x0000048c                LED_Toggle
 .text.PSHBTTN_EnablePullUp
                0x00000492        0x6 HAL/PUSHBUTTON/src/PUSHBUTTON.o
                0x00000492                PSHBTTN_EnablePullUp
 .text.PSHBTTN_Init
                0x00000498       0x30 HAL/PUSHBUTTON/src/PUSHBUTTON.o
                0x00000498                PSHBTTN_Init
 .text.PSHBTTN_Status
                0x000004c8       0x9e HAL/PUSHBUTTON/src/PUSHBUTTON.o
                0x000004c8                PSHBTTN_Status
 .text.APP_init
                0x00000566       0x3c APP/src/APP.o
                0x00000566                APP_init
 .text.APP_start
                0x000005a2       0x52 APP/src/APP.o
                0x000005a2                APP_start
 .text.main     0x000005f4       0x12 main.o
                0x000005f4                main
                0x00000606                . = ALIGN (0x2)
 *(.fini9)
 .fini9         0x00000606        0x0 e:/new folder/atmel/7.0/toolchain/avr8/avr8-gnu-toolchain/bin/../lib/gcc/avr/5.4.0/avr5\libgcc.a(_exit.o)
                0x00000606                _exit
                0x00000606                exit
 *(.fini9)
 *(.fini8)
 *(.fini8)
 *(.fini7)
 *(.fini7)
 *(.fini6)
 *(.fini6)
 *(.fini5)
 *(.fini5)
 *(.fini4)
 *(.fini4)
 *(.fini3)
 *(.fini3)
 *(.fini2)
 *(.fini2)
 *(.fini1)
 *(.fini1)
 *(.fini0)
 .fini0         0x00000606        0x4 e:/new folder/atmel/7.0/toolchain/avr8/avr8-gnu-toolchain/bin/../lib/gcc/avr/5.4.0/avr5\libgcc.a(_exit.o)
 *(.fini0)
                0x0000060a                _etext = .

.data           0x00800060        0x0 load address 0x0000060a
                [!provide]                PROVIDE (__data_start, .)
 *(.data)
 *(.data*)
 *(.gnu.linkonce.d*)
 *(.rodata)
 *(.rodata*)
 *(.gnu.linkonce.r*)
                0x00800060                . = ALIGN (0x2)
                0x00800060                _edata = .
                [!provide]                PROVIDE (__data_end, .)

.bss            0x00800060        0x4
                0x00800060                PROVIDE (__bss_start, .)
 *(.bss)
 *(.bss*)
 .bss.LED_PIN   0x00800060        0x1 APP/src/APP.o
 .bss.LED_PORT  0x00800061        0x1 APP/src/APP.o
 .bss.BUTTON_PIN
                0x00800062        0x1 APP/src/APP.o
 .bss.BUTTON_PORT
                0x00800063        0x1 APP/src/APP.o
 *(COMMON)
                0x00800064                PROVIDE (__bss_end, .)
                0x0000060a                __data_load_start = LOADADDR (.data)
                0x0000060a                __data_load_end = (__data_load_start + SIZEOF (.data))

.noinit         0x00800064        0x0
                [!provide]                PROVIDE (__noinit_start, .)
 *(.noinit*)
                [!provide]                PROVIDE (__noinit_end, .)
                0x00800064                _end = .
                [!provide]                PROVIDE (__heap_start, .)

.eeprom         0x00810000        0x0
 *(.eeprom*)
                0x00810000                __eeprom_end = .

.fuse
 *(.fuse)
 *(.lfuse)
 *(.hfuse)
 *(.efuse)

.lock
 *(.lock*)

.signature
 *(.signature*)

.user_signatures
 *(.user_signatures*)

.stab
 *(.stab)

.stabstr
 *(.stabstr)

.stab.excl
 *(.stab.excl)

.stab.exclstr
 *(.stab.exclstr)

.stab.index
 *(.stab.index)

.stab.indexstr
 *(.stab.indexstr)

.comment        0x00000000       0x30
 *(.comment)
 .comment       0x00000000       0x30 MCAL/DIO/src/DIO.o
                                 0x31 (size before relaxing)
 .comment       0x00000030       0x31 HAL/LED/src/LED.o
 .comment       0x00000030       0x31 HAL/PUSHBUTTON/src/PUSHBUTTON.o
 .comment       0x00000030       0x31 APP/src/APP.o
 .comment       0x00000030       0x31 main.o

.note.gnu.avr.deviceinfo
                0x00000000       0x3c
 .note.gnu.avr.deviceinfo
                0x00000000       0x3c E:/New folder/Atmel/7.0/Packs/atmel/ATmega_DFP/1.6.364/gcc/dev/atmega32/avr5/crtatmega32.o

.note.gnu.build-id
 *(.note.gnu.build-id)

.debug
 *(.debug)

.line
 *(.line)

.debug_srcinfo
 *(.debug_srcinfo)

.debug_sfnames
 *(.debug_sfnames)

.debug_aranges  0x00000000      0x100
 *(.debug_aranges)
 .debug_aranges
                0x00000000       0x60 MCAL/DIO/src/DIO.o
 .debug_aranges
                0x00000060       0x28 HAL/LED/src/LED.o
 .debug_aranges
                0x00000088       0x30 HAL/PUSHBUTTON/src/PUSHBUTTON.o
 .debug_aranges
                0x000000b8       0x28 APP/src/APP.o
 .debug_aranges
                0x000000e0       0x20 main.o

.debug_pubnames
 *(.debug_pubnames)

.debug_info     0x00000000      0xef0
 *(.debug_info .gnu.linkonce.wi.*)
 .debug_info    0x00000000      0x4e6 E:/New folder/Atmel/7.0/Packs/atmel/ATmega_DFP/1.6.364/gcc/dev/atmega32/avr5/crtatmega32.o
 .debug_info    0x000004e6      0x366 MCAL/DIO/src/DIO.o
 .debug_info    0x0000084c      0x13c HAL/LED/src/LED.o
 .debug_info    0x00000988      0x2a6 HAL/PUSHBUTTON/src/PUSHBUTTON.o
 .debug_info    0x00000c2e      0x1e2 APP/src/APP.o
 .debug_info    0x00000e10       0xe0 main.o

.debug_abbrev   0x00000000      0x899
 *(.debug_abbrev)
 .debug_abbrev  0x00000000      0x4a3 E:/New folder/Atmel/7.0/Packs/atmel/ATmega_DFP/1.6.364/gcc/dev/atmega32/avr5/crtatmega32.o
 .debug_abbrev  0x000004a3       0xee MCAL/DIO/src/DIO.o
 .debug_abbrev  0x00000591       0x9a HAL/LED/src/LED.o
 .debug_abbrev  0x0000062b      0x116 HAL/PUSHBUTTON/src/PUSHBUTTON.o
 .debug_abbrev  0x00000741       0xca APP/src/APP.o
 .debug_abbrev  0x0000080b       0x8e main.o

.debug_line     0x00000000      0xad1
 *(.debug_line .debug_line.* .debug_line_end)
 .debug_line    0x00000000      0x116 E:/New folder/Atmel/7.0/Packs/atmel/ATmega_DFP/1.6.364/gcc/dev/atmega32/avr5/crtatmega32.o
 .debug_line    0x00000116      0x61a MCAL/DIO/src/DIO.o
 .debug_line    0x00000730       0xb0 HAL/LED/src/LED.o
 .debug_line    0x000007e0      0x15e HAL/PUSHBUTTON/src/PUSHBUTTON.o
 .debug_line    0x0000093e      0x115 APP/src/APP.o
 .debug_line    0x00000a53       0x7e main.o

.debug_frame    0x00000000      0x1d8
 *(.debug_frame)
 .debug_frame   0x00000000       0xa4 MCAL/DIO/src/DIO.o
 .debug_frame   0x000000a4       0x34 HAL/LED/src/LED.o
 .debug_frame   0x000000d8       0x84 HAL/PUSHBUTTON/src/PUSHBUTTON.o
 .debug_frame   0x0000015c       0x58 APP/src/APP.o
 .debug_frame   0x000001b4       0x24 main.o

.debug_str      0x00000000      0x4f7
 *(.debug_str)
 .debug_str     0x00000000      0x196 E:/New folder/Atmel/7.0/Packs/atmel/ATmega_DFP/1.6.364/gcc/dev/atmega32/avr5/crtatmega32.o
 .debug_str     0x00000196      0x22c MCAL/DIO/src/DIO.o
                                0x277 (size before relaxing)
 .debug_str     0x000003c2       0x32 HAL/LED/src/LED.o
                                0x1d6 (size before relaxing)
 .debug_str     0x000003f4       0x7e HAL/PUSHBUTTON/src/PUSHBUTTON.o
                                0x236 (size before relaxing)
 .debug_str     0x00000472       0x74 APP/src/APP.o
                                0x230 (size before relaxing)
 .debug_str     0x000004e6       0x11 main.o
                                0x1a9 (size before relaxing)

.debug_loc      0x00000000     0x11a2
 *(.debug_loc)
 .debug_loc     0x00000000      0xd33 MCAL/DIO/src/DIO.o
 .debug_loc     0x00000d33       0x84 HAL/LED/src/LED.o
 .debug_loc     0x00000db7      0x2a6 HAL/PUSHBUTTON/src/PUSHBUTTON.o
 .debug_loc     0x0000105d      0x145 APP/src/APP.o

.debug_macinfo
 *(.debug_macinfo)

.debug_weaknames
 *(.debug_weaknames)

.debug_funcnames
 *(.debug_funcnames)

.debug_typenames
 *(.debug_typenames)

.debug_varnames
 *(.debug_varnames)

.debug_pubtypes
 *(.debug_pubtypes)

.debug_ranges   0x00000000       0xb0
 *(.debug_ranges)
 .debug_ranges  0x00000000       0x50 MCAL/DIO/src/DIO.o
 .debug_ranges  0x00000050       0x18 HAL/LED/src/LED.o
 .debug_ranges  0x00000068       0x20 HAL/PUSHBUTTON/src/PUSHBUTTON.o
 .debug_ranges  0x00000088       0x18 APP/src/APP.o
 .debug_ranges  0x000000a0       0x10 main.o

.debug_macro
 *(.debug_macro)
OUTPUT(DIO_Driver_PSHButton_LED_Tog.elf elf32-avr)
LOAD linker stubs
