Archive member included to satisfy reference by file (symbol)

c:/users/vetmo/downloads/ahmed/atmel/7.0/toolchain/avr8/avr8-gnu-toolchain/bin/../lib/gcc/avr/5.4.0/avr5\libgcc.a(_exit.o)
                              C:/Users/vetmo/Downloads/Ahmed/Atmel/7.0/Packs/atmel/ATmega_DFP/1.6.364/gcc/dev/atmega32/avr5/crtatmega32.o (exit)
c:/users/vetmo/downloads/ahmed/atmel/7.0/toolchain/avr8/avr8-gnu-toolchain/bin/../lib/gcc/avr/5.4.0/avr5\libgcc.a(_clear_bss.o)
                              InterruptHandler.o (__do_clear_bss)

Discarded input sections

 .text          0x00000000        0x4 C:/Users/vetmo/Downloads/Ahmed/Atmel/7.0/Packs/atmel/ATmega_DFP/1.6.364/gcc/dev/atmega32/avr5/crtatmega32.o
 .data          0x00000000        0x0 C:/Users/vetmo/Downloads/Ahmed/Atmel/7.0/Packs/atmel/ATmega_DFP/1.6.364/gcc/dev/atmega32/avr5/crtatmega32.o
 .bss           0x00000000        0x0 C:/Users/vetmo/Downloads/Ahmed/Atmel/7.0/Packs/atmel/ATmega_DFP/1.6.364/gcc/dev/atmega32/avr5/crtatmega32.o
 .text          0x00000000        0x0 InterruptHandler.o
 .data          0x00000000        0x0 InterruptHandler.o
 .bss           0x00000000        0x0 InterruptHandler.o
 .text.DeInstall
                0x00000000       0x16 InterruptHandler.o
 .text          0x00000000        0x0 InterruptVectorTable.o
 .data          0x00000000        0x0 InterruptVectorTable.o
 .bss           0x00000000        0x0 InterruptVectorTable.o
 .text          0x00000000        0x0 DIO_DRIVER.o
 .data          0x00000000        0x0 DIO_DRIVER.o
 .bss           0x00000000        0x0 DIO_DRIVER.o
 .text.DIO_PortInit
                0x00000000       0x46 DIO_DRIVER.o
 .text.DIO_SetPortVal
                0x00000000       0x4a DIO_DRIVER.o
 .text.DIO_ClrPortVal
                0x00000000       0x4a DIO_DRIVER.o
 .text.DIO_SetPinVal
                0x00000000      0x20e DIO_DRIVER.o
 .text.DIO_GetPortVal
                0x00000000       0x32 DIO_DRIVER.o
 .text.DIO_GetPinVal
                0x00000000       0xce DIO_DRIVER.o
 .text.DIO_TogPortVal
                0x00000000       0x72 DIO_DRIVER.o
 .text          0x00000000        0x0 main.o
 .data          0x00000000        0x0 main.o
 .bss           0x00000000        0x0 main.o
 .text          0x00000000        0x0 c:/users/vetmo/downloads/ahmed/atmel/7.0/toolchain/avr8/avr8-gnu-toolchain/bin/../lib/gcc/avr/5.4.0/avr5\libgcc.a(_exit.o)
 .data          0x00000000        0x0 c:/users/vetmo/downloads/ahmed/atmel/7.0/toolchain/avr8/avr8-gnu-toolchain/bin/../lib/gcc/avr/5.4.0/avr5\libgcc.a(_exit.o)
 .bss           0x00000000        0x0 c:/users/vetmo/downloads/ahmed/atmel/7.0/toolchain/avr8/avr8-gnu-toolchain/bin/../lib/gcc/avr/5.4.0/avr5\libgcc.a(_exit.o)
 .text.libgcc.mul
                0x00000000        0x0 c:/users/vetmo/downloads/ahmed/atmel/7.0/toolchain/avr8/avr8-gnu-toolchain/bin/../lib/gcc/avr/5.4.0/avr5\libgcc.a(_exit.o)
 .text.libgcc.div
                0x00000000        0x0 c:/users/vetmo/downloads/ahmed/atmel/7.0/toolchain/avr8/avr8-gnu-toolchain/bin/../lib/gcc/avr/5.4.0/avr5\libgcc.a(_exit.o)
 .text.libgcc   0x00000000        0x0 c:/users/vetmo/downloads/ahmed/atmel/7.0/toolchain/avr8/avr8-gnu-toolchain/bin/../lib/gcc/avr/5.4.0/avr5\libgcc.a(_exit.o)
 .text.libgcc.prologue
                0x00000000        0x0 c:/users/vetmo/downloads/ahmed/atmel/7.0/toolchain/avr8/avr8-gnu-toolchain/bin/../lib/gcc/avr/5.4.0/avr5\libgcc.a(_exit.o)
 .text.libgcc.builtins
                0x00000000        0x0 c:/users/vetmo/downloads/ahmed/atmel/7.0/toolchain/avr8/avr8-gnu-toolchain/bin/../lib/gcc/avr/5.4.0/avr5\libgcc.a(_exit.o)
 .text.libgcc.fmul
                0x00000000        0x0 c:/users/vetmo/downloads/ahmed/atmel/7.0/toolchain/avr8/avr8-gnu-toolchain/bin/../lib/gcc/avr/5.4.0/avr5\libgcc.a(_exit.o)
 .text.libgcc.fixed
                0x00000000        0x0 c:/users/vetmo/downloads/ahmed/atmel/7.0/toolchain/avr8/avr8-gnu-toolchain/bin/../lib/gcc/avr/5.4.0/avr5\libgcc.a(_exit.o)
 .text          0x00000000        0x0 c:/users/vetmo/downloads/ahmed/atmel/7.0/toolchain/avr8/avr8-gnu-toolchain/bin/../lib/gcc/avr/5.4.0/avr5\libgcc.a(_clear_bss.o)
 .data          0x00000000        0x0 c:/users/vetmo/downloads/ahmed/atmel/7.0/toolchain/avr8/avr8-gnu-toolchain/bin/../lib/gcc/avr/5.4.0/avr5\libgcc.a(_clear_bss.o)
 .bss           0x00000000        0x0 c:/users/vetmo/downloads/ahmed/atmel/7.0/toolchain/avr8/avr8-gnu-toolchain/bin/../lib/gcc/avr/5.4.0/avr5\libgcc.a(_clear_bss.o)
 .text.libgcc.mul
                0x00000000        0x0 c:/users/vetmo/downloads/ahmed/atmel/7.0/toolchain/avr8/avr8-gnu-toolchain/bin/../lib/gcc/avr/5.4.0/avr5\libgcc.a(_clear_bss.o)
 .text.libgcc.div
                0x00000000        0x0 c:/users/vetmo/downloads/ahmed/atmel/7.0/toolchain/avr8/avr8-gnu-toolchain/bin/../lib/gcc/avr/5.4.0/avr5\libgcc.a(_clear_bss.o)
 .text.libgcc   0x00000000        0x0 c:/users/vetmo/downloads/ahmed/atmel/7.0/toolchain/avr8/avr8-gnu-toolchain/bin/../lib/gcc/avr/5.4.0/avr5\libgcc.a(_clear_bss.o)
 .text.libgcc.prologue
                0x00000000        0x0 c:/users/vetmo/downloads/ahmed/atmel/7.0/toolchain/avr8/avr8-gnu-toolchain/bin/../lib/gcc/avr/5.4.0/avr5\libgcc.a(_clear_bss.o)
 .text.libgcc.builtins
                0x00000000        0x0 c:/users/vetmo/downloads/ahmed/atmel/7.0/toolchain/avr8/avr8-gnu-toolchain/bin/../lib/gcc/avr/5.4.0/avr5\libgcc.a(_clear_bss.o)
 .text.libgcc.fmul
                0x00000000        0x0 c:/users/vetmo/downloads/ahmed/atmel/7.0/toolchain/avr8/avr8-gnu-toolchain/bin/../lib/gcc/avr/5.4.0/avr5\libgcc.a(_clear_bss.o)
 .text.libgcc.fixed
                0x00000000        0x0 c:/users/vetmo/downloads/ahmed/atmel/7.0/toolchain/avr8/avr8-gnu-toolchain/bin/../lib/gcc/avr/5.4.0/avr5\libgcc.a(_clear_bss.o)

Memory Configuration

Name             Origin             Length             Attributes
text             0x00000000         0x00008000         xr
data             0x00800060         0x00000800         rw !x
eeprom           0x00810000         0x00000400         rw !x
fuse             0x00820000         0x00000002         rw !x
lock             0x00830000         0x00000400         rw !x
signature        0x00840000         0x00000400         rw !x
user_signatures  0x00850000         0x00000400         rw !x
*default*        0x00000000         0xffffffff

Linker script and memory map

LOAD C:/Users/vetmo/Downloads/Ahmed/Atmel/7.0/Packs/atmel/ATmega_DFP/1.6.364/gcc/dev/atmega32/avr5/crtatmega32.o
LOAD InterruptHandler.o
LOAD InterruptVectorTable.o
LOAD DIO_DRIVER.o
LOAD main.o
START GROUP
LOAD c:/users/vetmo/downloads/ahmed/atmel/7.0/toolchain/avr8/avr8-gnu-toolchain/bin/../lib/gcc/avr/5.4.0/../../../../avr/lib/avr5\libm.a
END GROUP
START GROUP
LOAD c:/users/vetmo/downloads/ahmed/atmel/7.0/toolchain/avr8/avr8-gnu-toolchain/bin/../lib/gcc/avr/5.4.0/avr5\libgcc.a
LOAD c:/users/vetmo/downloads/ahmed/atmel/7.0/toolchain/avr8/avr8-gnu-toolchain/bin/../lib/gcc/avr/5.4.0/../../../../avr/lib/avr5\libm.a
LOAD c:/users/vetmo/downloads/ahmed/atmel/7.0/toolchain/avr8/avr8-gnu-toolchain/bin/../lib/gcc/avr/5.4.0/../../../../avr/lib/avr5\libc.a
LOAD C:/Users/vetmo/Downloads/Ahmed/Atmel/7.0/Packs/atmel/ATmega_DFP/1.6.364/gcc/dev/atmega32/avr5\libatmega32.a
END GROUP
                0x00000000                __TEXT_REGION_ORIGIN__ = DEFINED (__TEXT_REGION_ORIGIN__)?__TEXT_REGION_ORIGIN__:0x0
                [0x00800060]                __DATA_REGION_ORIGIN__ = DEFINED (__DATA_REGION_ORIGIN__)?__DATA_REGION_ORIGIN__:0x800060
                [0x00008000]                __TEXT_REGION_LENGTH__ = DEFINED (__TEXT_REGION_LENGTH__)?__TEXT_REGION_LENGTH__:0x20000
                [0x00000800]                __DATA_REGION_LENGTH__ = DEFINED (__DATA_REGION_LENGTH__)?__DATA_REGION_LENGTH__:0xffa0
                [0x00000400]                __EEPROM_REGION_LENGTH__ = DEFINED (__EEPROM_REGION_LENGTH__)?__EEPROM_REGION_LENGTH__:0x10000
                [0x00000002]                __FUSE_REGION_LENGTH__ = DEFINED (__FUSE_REGION_LENGTH__)?__FUSE_REGION_LENGTH__:0x400
                0x00000400                __LOCK_REGION_LENGTH__ = DEFINED (__LOCK_REGION_LENGTH__)?__LOCK_REGION_LENGTH__:0x400
                0x00000400                __SIGNATURE_REGION_LENGTH__ = DEFINED (__SIGNATURE_REGION_LENGTH__)?__SIGNATURE_REGION_LENGTH__:0x400
                0x00000400                __USER_SIGNATURE_REGION_LENGTH__ = DEFINED (__USER_SIGNATURE_REGION_LENGTH__)?__USER_SIGNATURE_REGION_LENGTH__:0x400

.hash
 *(.hash)

.dynsym
 *(.dynsym)

.dynstr
 *(.dynstr)

.gnu.version
 *(.gnu.version)

.gnu.version_d
 *(.gnu.version_d)

.gnu.version_r
 *(.gnu.version_r)

.rel.init
 *(.rel.init)

.rela.init
 *(.rela.init)

.rel.text
 *(.rel.text)
 *(.rel.text.*)
 *(.rel.gnu.linkonce.t*)

.rela.text
 *(.rela.text)
 *(.rela.text.*)
 *(.rela.gnu.linkonce.t*)

.rel.fini
 *(.rel.fini)

.rela.fini
 *(.rela.fini)

.rel.rodata
 *(.rel.rodata)
 *(.rel.rodata.*)
 *(.rel.gnu.linkonce.r*)

.rela.rodata
 *(.rela.rodata)
 *(.rela.rodata.*)
 *(.rela.gnu.linkonce.r*)

.rel.data
 *(.rel.data)
 *(.rel.data.*)
 *(.rel.gnu.linkonce.d*)

.rela.data
 *(.rela.data)
 *(.rela.data.*)
 *(.rela.gnu.linkonce.d*)

.rel.ctors
 *(.rel.ctors)

.rela.ctors
 *(.rela.ctors)

.rel.dtors
 *(.rel.dtors)

.rela.dtors
 *(.rela.dtors)

.rel.got
 *(.rel.got)

.rela.got
 *(.rela.got)

.rel.bss
 *(.rel.bss)

.rela.bss
 *(.rela.bss)

.rel.plt
 *(.rel.plt)

.rela.plt
 *(.rela.plt)

.text           0x00000000      0xabc
 *(.vectors)
 .vectors       0x00000000       0x54 C:/Users/vetmo/Downloads/Ahmed/Atmel/7.0/Packs/atmel/ATmega_DFP/1.6.364/gcc/dev/atmega32/avr5/crtatmega32.o
                0x00000000                __vector_default
                0x00000000                __vectors
 *(.vectors)
 *(.progmem.gcc*)
                0x00000054                . = ALIGN (0x2)
                0x00000054                __trampolines_start = .
 *(.trampolines)
 .trampolines   0x00000054        0x0 linker stubs
 *(.trampolines*)
                0x00000054                __trampolines_end = .
 *libprintf_flt.a:*(.progmem.data)
 *libc.a:*(.progmem.data)
 *(.progmem*)
                0x00000054                . = ALIGN (0x2)
 *(.jumptables)
 *(.jumptables*)
 *(.lowtext)
 *(.lowtext*)
                0x00000054                __ctors_start = .
 *(.ctors)
                0x00000054                __ctors_end = .
                0x00000054                __dtors_start = .
 *(.dtors)
                0x00000054                __dtors_end = .
 SORT(*)(.ctors)
 SORT(*)(.dtors)
 *(.init0)
 .init0         0x00000054        0x0 C:/Users/vetmo/Downloads/Ahmed/Atmel/7.0/Packs/atmel/ATmega_DFP/1.6.364/gcc/dev/atmega32/avr5/crtatmega32.o
                0x00000054                __init
 *(.init0)
 *(.init1)
 *(.init1)
 *(.init2)
 .init2         0x00000054        0xc C:/Users/vetmo/Downloads/Ahmed/Atmel/7.0/Packs/atmel/ATmega_DFP/1.6.364/gcc/dev/atmega32/avr5/crtatmega32.o
 *(.init2)
 *(.init3)
 *(.init3)
 *(.init4)
 .init4         0x00000060       0x10 c:/users/vetmo/downloads/ahmed/atmel/7.0/toolchain/avr8/avr8-gnu-toolchain/bin/../lib/gcc/avr/5.4.0/avr5\libgcc.a(_clear_bss.o)
                0x00000060                __do_clear_bss
 *(.init4)
 *(.init5)
 *(.init5)
 *(.init6)
 *(.init6)
 *(.init7)
 *(.init7)
 *(.init8)
 *(.init8)
 *(.init9)
 .init9         0x00000070        0x8 C:/Users/vetmo/Downloads/Ahmed/Atmel/7.0/Packs/atmel/ATmega_DFP/1.6.364/gcc/dev/atmega32/avr5/crtatmega32.o
 *(.init9)
 *(.text)
                0x00000078                . = ALIGN (0x2)
 *(.text.*)
 .text.Install  0x00000078       0x20 InterruptHandler.o
                0x00000078                Install
 .text.InterruptHandler_1
                0x00000098       0x10 InterruptHandler.o
                0x00000098                InterruptHandler_1
 .text.InterruptHandler_2
                0x000000a8       0x10 InterruptHandler.o
                0x000000a8                InterruptHandler_2
 .text.InterruptHandler_3
                0x000000b8       0x10 InterruptHandler.o
                0x000000b8                InterruptHandler_3
 .text.InterruptHandler_4
                0x000000c8       0x10 InterruptHandler.o
                0x000000c8                InterruptHandler_4
 .text.InterruptHandler_5
                0x000000d8       0x10 InterruptHandler.o
                0x000000d8                InterruptHandler_5
 .text.InterruptHandler_6
                0x000000e8       0x10 InterruptHandler.o
                0x000000e8                InterruptHandler_6
 .text.InterruptHandler_7
                0x000000f8       0x10 InterruptHandler.o
                0x000000f8                InterruptHandler_7
 .text.InterruptHandler_8
                0x00000108       0x10 InterruptHandler.o
                0x00000108                InterruptHandler_8
 .text.InterruptHandler_9
                0x00000118       0x10 InterruptHandler.o
                0x00000118                InterruptHandler_9
 .text.InterruptHandler_10
                0x00000128       0x10 InterruptHandler.o
                0x00000128                InterruptHandler_10
 .text.InterruptHandler_11
                0x00000138       0x10 InterruptHandler.o
                0x00000138                InterruptHandler_11
 .text.InterruptHandler_12
                0x00000148       0x10 InterruptHandler.o
                0x00000148                InterruptHandler_12
 .text.InterruptHandler_13
                0x00000158       0x10 InterruptHandler.o
                0x00000158                InterruptHandler_13
 .text.InterruptHandler_14
                0x00000168       0x10 InterruptHandler.o
                0x00000168                InterruptHandler_14
 .text.InterruptHandler_15
                0x00000178       0x10 InterruptHandler.o
                0x00000178                InterruptHandler_15
 .text.InterruptHandler_16
                0x00000188       0x10 InterruptHandler.o
                0x00000188                InterruptHandler_16
 .text.InterruptHandler_17
                0x00000198       0x10 InterruptHandler.o
                0x00000198                InterruptHandler_17
 .text.InterruptHandler_18
                0x000001a8       0x10 InterruptHandler.o
                0x000001a8                InterruptHandler_18
 .text.InterruptHandler_19
                0x000001b8       0x10 InterruptHandler.o
                0x000001b8                InterruptHandler_19
 .text.InterruptHandler_20
                0x000001c8       0x10 InterruptHandler.o
                0x000001c8                InterruptHandler_20
 .text.__vector_1
                0x000001d8       0x48 InterruptVectorTable.o
                0x000001d8                __vector_1
 .text.__vector_2
                0x00000220       0x48 InterruptVectorTable.o
                0x00000220                __vector_2
 .text.__vector_3
                0x00000268       0x48 InterruptVectorTable.o
                0x00000268                __vector_3
 .text.__vector_4
                0x000002b0       0x48 InterruptVectorTable.o
                0x000002b0                __vector_4
 .text.__vector_5
                0x000002f8       0x48 InterruptVectorTable.o
                0x000002f8                __vector_5
 .text.__vector_6
                0x00000340       0x48 InterruptVectorTable.o
                0x00000340                __vector_6
 .text.__vector_7
                0x00000388       0x48 InterruptVectorTable.o
                0x00000388                __vector_7
 .text.__vector_8
                0x000003d0       0x48 InterruptVectorTable.o
                0x000003d0                __vector_8
 .text.__vector_9
                0x00000418       0x48 InterruptVectorTable.o
                0x00000418                __vector_9
 .text.__vector_10
                0x00000460       0x48 InterruptVectorTable.o
                0x00000460                __vector_10
 .text.__vector_11
                0x000004a8       0x48 InterruptVectorTable.o
                0x000004a8                __vector_11
 .text.__vector_12
                0x000004f0       0x48 InterruptVectorTable.o
                0x000004f0                __vector_12
 .text.__vector_13
                0x00000538       0x48 InterruptVectorTable.o
                0x00000538                __vector_13
 .text.__vector_14
                0x00000580       0x48 InterruptVectorTable.o
                0x00000580                __vector_14
 .text.__vector_15
                0x000005c8       0x48 InterruptVectorTable.o
                0x000005c8                __vector_15
 .text.__vector_16
                0x00000610       0x48 InterruptVectorTable.o
                0x00000610                __vector_16
 .text.__vector_17
                0x00000658       0x48 InterruptVectorTable.o
                0x00000658                __vector_17
 .text.__vector_18
                0x000006a0       0x48 InterruptVectorTable.o
                0x000006a0                __vector_18
 .text.__vector_19
                0x000006e8       0x48 InterruptVectorTable.o
                0x000006e8                __vector_19
 .text.__vector_20
                0x00000730       0x48 InterruptVectorTable.o
                0x00000730                __vector_20
 .text.DIO_PinInit
                0x00000778      0x11c DIO_DRIVER.o
                0x00000778                DIO_PinInit
 .text.DIO_PinEnablePullUp
                0x00000894       0xb6 DIO_DRIVER.o
                0x00000894                DIO_PinEnablePullUp
 .text.DIO_TogPinVal
                0x0000094a      0x102 DIO_DRIVER.o
                0x0000094a                DIO_TogPinVal
 .text.task1    0x00000a4c       0x22 main.o
                0x00000a4c                task1
 .text.main     0x00000a6e       0x4a main.o
                0x00000a6e                main
                0x00000ab8                . = ALIGN (0x2)
 *(.fini9)
 .fini9         0x00000ab8        0x0 c:/users/vetmo/downloads/ahmed/atmel/7.0/toolchain/avr8/avr8-gnu-toolchain/bin/../lib/gcc/avr/5.4.0/avr5\libgcc.a(_exit.o)
                0x00000ab8                _exit
                0x00000ab8                exit
 *(.fini9)
 *(.fini8)
 *(.fini8)
 *(.fini7)
 *(.fini7)
 *(.fini6)
 *(.fini6)
 *(.fini5)
 *(.fini5)
 *(.fini4)
 *(.fini4)
 *(.fini3)
 *(.fini3)
 *(.fini2)
 *(.fini2)
 *(.fini1)
 *(.fini1)
 *(.fini0)
 .fini0         0x00000ab8        0x4 c:/users/vetmo/downloads/ahmed/atmel/7.0/toolchain/avr8/avr8-gnu-toolchain/bin/../lib/gcc/avr/5.4.0/avr5\libgcc.a(_exit.o)
 *(.fini0)
                0x00000abc                _etext = .

.data           0x00800060        0x0 load address 0x00000abc
                [!provide]                PROVIDE (__data_start, .)
 *(.data)
 *(.data*)
 *(.gnu.linkonce.d*)
 *(.rodata)
 *(.rodata*)
 *(.gnu.linkonce.r*)
                0x00800060                . = ALIGN (0x2)
                0x00800060                _edata = .
                [!provide]                PROVIDE (__data_end, .)

.bss            0x00800060       0x29
                0x00800060                PROVIDE (__bss_start, .)
 *(.bss)
 *(.bss*)
 .bss.FunctionHandler
                0x00800060       0x28 InterruptHandler.o
 .bss.counter   0x00800088        0x1 main.o
                0x00800088                counter
 *(COMMON)
                0x00800089                PROVIDE (__bss_end, .)
                0x00000abc                __data_load_start = LOADADDR (.data)
                0x00000abc                __data_load_end = (__data_load_start + SIZEOF (.data))

.noinit         0x00800089        0x0
                [!provide]                PROVIDE (__noinit_start, .)
 *(.noinit*)
                [!provide]                PROVIDE (__noinit_end, .)
                0x00800089                _end = .
                [!provide]                PROVIDE (__heap_start, .)

.eeprom         0x00810000        0x0
 *(.eeprom*)
                0x00810000                __eeprom_end = .

.fuse
 *(.fuse)
 *(.lfuse)
 *(.hfuse)
 *(.efuse)

.lock
 *(.lock*)

.signature
 *(.signature*)

.user_signatures
 *(.user_signatures*)

.stab
 *(.stab)

.stabstr
 *(.stabstr)

.stab.excl
 *(.stab.excl)

.stab.exclstr
 *(.stab.exclstr)

.stab.index
 *(.stab.index)

.stab.indexstr
 *(.stab.indexstr)

.comment        0x00000000       0x30
 *(.comment)
 .comment       0x00000000       0x30 InterruptHandler.o
                                 0x31 (size before relaxing)
 .comment       0x00000030       0x31 InterruptVectorTable.o
 .comment       0x00000030       0x31 DIO_DRIVER.o
 .comment       0x00000030       0x31 main.o

.note.gnu.avr.deviceinfo
                0x00000000       0x3c
 .note.gnu.avr.deviceinfo
                0x00000000       0x3c C:/Users/vetmo/Downloads/Ahmed/Atmel/7.0/Packs/atmel/ATmega_DFP/1.6.364/gcc/dev/atmega32/avr5/crtatmega32.o

.note.gnu.build-id
 *(.note.gnu.build-id)

.debug
 *(.debug)

.line
 *(.line)

.debug_srcinfo
 *(.debug_srcinfo)

.debug_sfnames
 *(.debug_sfnames)

.debug_aranges  0x00000000      0x210
 *(.debug_aranges)
 .debug_aranges
                0x00000000       0xc8 InterruptHandler.o
 .debug_aranges
                0x000000c8       0xb8 InterruptVectorTable.o
 .debug_aranges
                0x00000180       0x68 DIO_DRIVER.o
 .debug_aranges
                0x000001e8       0x28 main.o

.debug_pubnames
 *(.debug_pubnames)

.debug_info     0x00000000     0x110e
 *(.debug_info .gnu.linkonce.wi.*)
 .debug_info    0x00000000      0x4e6 C:/Users/vetmo/Downloads/Ahmed/Atmel/7.0/Packs/atmel/ATmega_DFP/1.6.364/gcc/dev/atmega32/avr5/crtatmega32.o
 .debug_info    0x000004e6      0x2b8 InterruptHandler.o
 .debug_info    0x0000079e      0x405 InterruptVectorTable.o
 .debug_info    0x00000ba3      0x3b8 DIO_DRIVER.o
 .debug_info    0x00000f5b      0x1b3 main.o

.debug_abbrev   0x00000000      0x75b
 *(.debug_abbrev)
 .debug_abbrev  0x00000000      0x4a3 C:/Users/vetmo/Downloads/Ahmed/Atmel/7.0/Packs/atmel/ATmega_DFP/1.6.364/gcc/dev/atmega32/avr5/crtatmega32.o
 .debug_abbrev  0x000004a3       0xcf InterruptHandler.o
 .debug_abbrev  0x00000572       0x58 InterruptVectorTable.o
 .debug_abbrev  0x000005ca       0xda DIO_DRIVER.o
 .debug_abbrev  0x000006a4       0xb7 main.o

.debug_line     0x00000000      0xf1e
 *(.debug_line .debug_line.* .debug_line_end)
 .debug_line    0x00000000      0x116 C:/Users/vetmo/Downloads/Ahmed/Atmel/7.0/Packs/atmel/ATmega_DFP/1.6.364/gcc/dev/atmega32/avr5/crtatmega32.o
 .debug_line    0x00000116      0x2f9 InterruptHandler.o
 .debug_line    0x0000040f      0x2a8 InterruptVectorTable.o
 .debug_line    0x000006b7      0x700 DIO_DRIVER.o
 .debug_line    0x00000db7      0x167 main.o

.debug_frame    0x00000000      0x950
 *(.debug_frame)
 .debug_frame   0x00000000      0x174 InterruptHandler.o
 .debug_frame   0x00000174      0x6f4 InterruptVectorTable.o
 .debug_frame   0x00000868       0xb4 DIO_DRIVER.o
 .debug_frame   0x0000091c       0x34 main.o

.debug_str      0x00000000      0x7ea
 *(.debug_str)
 .debug_str     0x00000000      0x196 C:/Users/vetmo/Downloads/Ahmed/Atmel/7.0/Packs/atmel/ATmega_DFP/1.6.364/gcc/dev/atmega32/avr5/crtatmega32.o
 .debug_str     0x00000196      0x374 InterruptHandler.o
                                0x37c (size before relaxing)
 .debug_str     0x0000050a      0x12b InterruptVectorTable.o
                                0x406 (size before relaxing)
 .debug_str     0x00000635      0x196 DIO_DRIVER.o
                                0x30c (size before relaxing)
 .debug_str     0x000007cb       0x1f main.o
                                0x20e (size before relaxing)

.debug_loc      0x00000000     0x1b85
 *(.debug_loc)
 .debug_loc     0x00000000       0x94 InterruptHandler.o
 .debug_loc     0x00000094      0xfdc InterruptVectorTable.o
 .debug_loc     0x00001070      0xb15 DIO_DRIVER.o

.debug_macinfo
 *(.debug_macinfo)

.debug_weaknames
 *(.debug_weaknames)

.debug_funcnames
 *(.debug_funcnames)

.debug_typenames
 *(.debug_typenames)

.debug_varnames
 *(.debug_varnames)

.debug_pubtypes
 *(.debug_pubtypes)

.debug_ranges   0x00000000      0x1d0
 *(.debug_ranges)
 .debug_ranges  0x00000000       0xb8 InterruptHandler.o
 .debug_ranges  0x000000b8       0xa8 InterruptVectorTable.o
 .debug_ranges  0x00000160       0x58 DIO_DRIVER.o
 .debug_ranges  0x000001b8       0x18 main.o

.debug_macro
 *(.debug_macro)
OUTPUT(testinterrupthandlerpattern.elf elf32-avr)
LOAD linker stubs
